Component: ARM Compiler 5.06 update 6 (build 750) Tool: armlink [4d35ed]

==============================================================================

Section Cross References

    startup_stm32f405xx.o(RESET) refers to startup_stm32f405xx.o(STACK) for __initial_sp
    startup_stm32f405xx.o(RESET) refers to startup_stm32f405xx.o(.text) for Reset_Handler
    startup_stm32f405xx.o(RESET) refers to stm32f4xx_it.o(i.NMI_Handler) for NMI_Handler
    startup_stm32f405xx.o(RESET) refers to stm32f4xx_it.o(i.HardFault_Handler) for HardFault_Handler
    startup_stm32f405xx.o(RESET) refers to stm32f4xx_it.o(i.MemManage_Handler) for MemManage_Handler
    startup_stm32f405xx.o(RESET) refers to stm32f4xx_it.o(i.BusFault_Handler) for BusFault_Handler
    startup_stm32f405xx.o(RESET) refers to stm32f4xx_it.o(i.UsageFault_Handler) for UsageFault_Handler
    startup_stm32f405xx.o(RESET) refers to stm32f4xx_it.o(i.SVC_Handler) for SVC_Handler
    startup_stm32f405xx.o(RESET) refers to stm32f4xx_it.o(i.DebugMon_Handler) for DebugMon_Handler
    startup_stm32f405xx.o(RESET) refers to stm32f4xx_it.o(i.PendSV_Handler) for PendSV_Handler
    startup_stm32f405xx.o(RESET) refers to stm32f4xx_it.o(i.SysTick_Handler) for SysTick_Handler
    startup_stm32f405xx.o(RESET) refers to stm32f4xx_it.o(i.OTG_FS_IRQHandler) for OTG_FS_IRQHandler
    startup_stm32f405xx.o(.text) refers to system_stm32f4xx.o(i.SystemInit) for SystemInit
    startup_stm32f405xx.o(.text) refers to entry.o(.ARM.Collect$$$$00000000) for __main
    main.o(i.SystemClock_Config) refers to memseta.o(.text) for __aeabi_memclr4
    main.o(i.SystemClock_Config) refers to stm32f4xx_hal_rcc.o(i.HAL_RCC_OscConfig) for HAL_RCC_OscConfig
    main.o(i.SystemClock_Config) refers to stm32f4xx_hal_rcc.o(i.HAL_RCC_ClockConfig) for HAL_RCC_ClockConfig
    main.o(i.main) refers to stm32f4xx_hal.o(i.HAL_Init) for HAL_Init
    main.o(i.main) refers to main.o(i.SystemClock_Config) for SystemClock_Config
    main.o(i.main) refers to usb_device.o(i.MX_USB_DEVICE_Init) for MX_USB_DEVICE_Init
    main.o(i.main) refers to usbd_cdc_if.o(i.VCP_Read) for VCP_Read
    main.o(i.main) refers to usbd_cdc_if.o(i.VCP_Write) for VCP_Write
    main.o(i.main) refers to stm32f4xx_hal.o(i.HAL_Delay) for HAL_Delay
    usb_device.o(i.MX_USB_DEVICE_Init) refers to usbd_core.o(i.USBD_Init) for USBD_Init
    usb_device.o(i.MX_USB_DEVICE_Init) refers to main.o(i.Error_Handler) for Error_Handler
    usb_device.o(i.MX_USB_DEVICE_Init) refers to usbd_core.o(i.USBD_RegisterClass) for USBD_RegisterClass
    usb_device.o(i.MX_USB_DEVICE_Init) refers to usbd_cdc.o(i.USBD_CDC_RegisterInterface) for USBD_CDC_RegisterInterface
    usb_device.o(i.MX_USB_DEVICE_Init) refers to usbd_core.o(i.USBD_Start) for USBD_Start
    usb_device.o(i.MX_USB_DEVICE_Init) refers to usbd_desc.o(.data) for FS_Desc
    usb_device.o(i.MX_USB_DEVICE_Init) refers to usb_device.o(.bss) for .bss
    usb_device.o(i.MX_USB_DEVICE_Init) refers to usbd_cdc.o(.data) for USBD_CDC
    usb_device.o(i.MX_USB_DEVICE_Init) refers to usbd_cdc_if.o(.data) for USBD_Interface_fops_FS
    usbd_conf.o(i.HAL_PCD_ConnectCallback) refers to usbd_core.o(i.USBD_LL_DevConnected) for USBD_LL_DevConnected
    usbd_conf.o(i.HAL_PCD_DataInStageCallback) refers to usbd_core.o(i.USBD_LL_DataInStage) for USBD_LL_DataInStage
    usbd_conf.o(i.HAL_PCD_DataOutStageCallback) refers to usbd_core.o(i.USBD_LL_DataOutStage) for USBD_LL_DataOutStage
    usbd_conf.o(i.HAL_PCD_DisconnectCallback) refers to usbd_core.o(i.USBD_LL_DevDisconnected) for USBD_LL_DevDisconnected
    usbd_conf.o(i.HAL_PCD_ISOINIncompleteCallback) refers to usbd_core.o(i.USBD_LL_IsoINIncomplete) for USBD_LL_IsoINIncomplete
    usbd_conf.o(i.HAL_PCD_ISOOUTIncompleteCallback) refers to usbd_core.o(i.USBD_LL_IsoOUTIncomplete) for USBD_LL_IsoOUTIncomplete
    usbd_conf.o(i.HAL_PCD_MspDeInit) refers to stm32f4xx_hal_gpio.o(i.HAL_GPIO_DeInit) for HAL_GPIO_DeInit
    usbd_conf.o(i.HAL_PCD_MspDeInit) refers to stm32f4xx_hal_cortex.o(i.HAL_NVIC_DisableIRQ) for HAL_NVIC_DisableIRQ
    usbd_conf.o(i.HAL_PCD_MspInit) refers to memseta.o(.text) for __aeabi_memclr4
    usbd_conf.o(i.HAL_PCD_MspInit) refers to stm32f4xx_hal_gpio.o(i.HAL_GPIO_Init) for HAL_GPIO_Init
    usbd_conf.o(i.HAL_PCD_MspInit) refers to stm32f4xx_hal_cortex.o(i.HAL_NVIC_SetPriority) for HAL_NVIC_SetPriority
    usbd_conf.o(i.HAL_PCD_MspInit) refers to stm32f4xx_hal_cortex.o(i.HAL_NVIC_EnableIRQ) for HAL_NVIC_EnableIRQ
    usbd_conf.o(i.HAL_PCD_ResetCallback) refers to main.o(i.Error_Handler) for Error_Handler
    usbd_conf.o(i.HAL_PCD_ResetCallback) refers to usbd_core.o(i.USBD_LL_SetSpeed) for USBD_LL_SetSpeed
    usbd_conf.o(i.HAL_PCD_ResetCallback) refers to usbd_core.o(i.USBD_LL_Reset) for USBD_LL_Reset
    usbd_conf.o(i.HAL_PCD_ResumeCallback) refers to usbd_core.o(i.USBD_LL_Resume) for USBD_LL_Resume
    usbd_conf.o(i.HAL_PCD_SOFCallback) refers to usbd_core.o(i.USBD_LL_SOF) for USBD_LL_SOF
[...]
    Removing usbd_ctlreq.o(.rev16_text), (4 bytes).
    Removing usbd_ctlreq.o(.revsh_text), (4 bytes).
    Removing usbd_ctlreq.o(.rrx_text), (6 bytes).
    Removing usbd_ioreq.o(.rev16_text), (4 bytes).
    Removing usbd_ioreq.o(.revsh_text), (4 bytes).
    Removing usbd_ioreq.o(.rrx_text), (6 bytes).
    Removing usbd_ioreq.o(i.USBD_GetRxCount), (4 bytes).
    Removing usbd_cdc.o(.rev16_text), (4 bytes).
    Removing usbd_cdc.o(.revsh_text), (4 bytes).
    Removing usbd_cdc.o(.rrx_text), (6 bytes).

281 unused section(s) (total 18074 bytes) removed from the image.

==============================================================================

Image Symbol Table

    Local Symbols

    Symbol Name                              Value     Ov Type        Size  Object(Section)

    ../Drivers/STM32F4xx_HAL_Driver/Src/stm32f4xx_hal.c 0x00000000   Number         0  stm32f4xx_hal.o ABSOLUTE
    ../Drivers/STM32F4xx_HAL_Driver/Src/stm32f4xx_hal_cortex.c 0x00000000   Number         0  stm32f4xx_hal_cortex.o ABSOLUTE
    ../Drivers/STM32F4xx_HAL_Driver/Src/stm32f4xx_hal_dma.c 0x00000000   Number         0  stm32f4xx_hal_dma.o ABSOLUTE
    ../Drivers/STM32F4xx_HAL_Driver/Src/stm32f4xx_hal_dma_ex.c 0x00000000   Number         0  stm32f4xx_hal_dma_ex.o ABSOLUTE
    ../Drivers/STM32F4xx_HAL_Driver/Src/stm32f4xx_hal_exti.c 0x00000000   Number         0  stm32f4xx_hal_exti.o ABSOLUTE
    ../Drivers/STM32F4xx_HAL_Driver/Src/stm32f4xx_hal_flash.c 0x00000000   Number         0  stm32f4xx_hal_flash.o ABSOLUTE
    ../Drivers/STM32F4xx_HAL_Driver/Src/stm32f4xx_hal_flash_ex.c 0x00000000   Number         0  stm32f4xx_hal_flash_ex.o ABSOLUTE
    ../Drivers/STM32F4xx_HAL_Driver/Src/stm32f4xx_hal_flash_ramfunc.c 0x00000000   Number         0  stm32f4xx_hal_flash_ramfunc.o ABSOLUTE
    ../Drivers/STM32F4xx_HAL_Driver/Src/stm32f4xx_hal_gpio.c 0x00000000   Number         0  stm32f4xx_hal_gpio.o ABSOLUTE
    ../Drivers/STM32F4xx_HAL_Driver/Src/stm32f4xx_hal_pcd.c 0x00000000   Number         0  stm32f4xx_hal_pcd.o ABSOLUTE
    ../Drivers/STM32F4xx_HAL_Driver/Src/stm32f4xx_hal_pcd_ex.c 0x00000000   Number         0  stm32f4xx_hal_pcd_ex.o ABSOLUTE
    ../Drivers/STM32F4xx_HAL_Driver/Src/stm32f4xx_hal_pwr.c 0x00000000   Number         0  stm32f4xx_hal_pwr.o ABSOLUTE
    ../Drivers/STM32F4xx_HAL_Driver/Src/stm32f4xx_hal_pwr_ex.c 0x00000000   Number         0  stm32f4xx_hal_pwr_ex.o ABSOLUTE
    ../Drivers/STM32F4xx_HAL_Driver/Src/stm32f4xx_hal_rcc.c 0x00000000   Number         0  stm32f4xx_hal_rcc.o ABSOLUTE
    ../Drivers/STM32F4xx_HAL_Driver/Src/stm32f4xx_hal_rcc_ex.c 0x00000000   Number         0  stm32f4xx_hal_rcc_ex.o ABSOLUTE
    ../Drivers/STM32F4xx_HAL_Driver/Src/stm32f4xx_hal_tim.c 0x00000000   Number         0  stm32f4xx_hal_tim.o ABSOLUTE
    ../Drivers/STM32F4xx_HAL_Driver/Src/stm32f4xx_hal_tim_ex.c 0x00000000   Number         0  stm32f4xx_hal_tim_ex.o ABSOLUTE
    ../Drivers/STM32F4xx_HAL_Driver/Src/stm32f4xx_ll_usb.c 0x00000000   Number         0  stm32f4xx_ll_usb.o ABSOLUTE
    ../Middlewares/ST/STM32_USB_Device_Library/Class/CDC/Src/usbd_cdc.c 0x00000000   Number         0  usbd_cdc.o ABSOLUTE
    ../Middlewares/ST/STM32_USB_Device_Library/Core/Src/usbd_core.c 0x00000000   Number         0  usbd_core.o ABSOLUTE
    ../Middlewares/ST/STM32_USB_Device_Library/Core/Src/usbd_ctlreq.c 0x00000000   Number         0  usbd_ctlreq.o ABSOLUTE
    ../Middlewares/ST/STM32_USB_Device_Library/Core/Src/usbd_ioreq.c 0x00000000   Number         0  usbd_ioreq.o ABSOLUTE
    ../Src/main.c                            0x00000000   Number         0  main.o ABSOLUTE
    ../Src/stm32f4xx_hal_msp.c               0x00000000   Number         0  stm32f4xx_hal_msp.o ABSOLUTE
    ../Src/stm32f4xx_it.c                    0x00000000   Number         0  stm32f4xx_it.o ABSOLUTE
    ../Src/system_stm32f4xx.c                0x00000000   Number         0  system_stm32f4xx.o ABSOLUTE
    ../Src/usb_device.c                      0x00000000   Number         0  usb_device.o ABSOLUTE
    ../Src/usbd_cdc_if.c                     0x00000000   Number         0  usbd_cdc_if.o ABSOLUTE
    ../Src/usbd_conf.c                       0x00000000   Number         0  usbd_conf.o ABSOLUTE
    ../Src/usbd_desc.c                       0x00000000   Number         0  usbd_desc.o ABSOLUTE
    ../clib/../cmprslib/zerorunl2.c          0x00000000   Number         0  __dczerorl2.o ABSOLUTE
    ../clib/microlib/division.c              0x00000000   Number         0  uldiv.o ABSOLUTE
    ../clib/microlib/init/entry.s            0x00000000   Number         0  entry10a.o ABSOLUTE
    ../clib/microlib/init/entry.s            0x00000000   Number         0  entry10b.o ABSOLUTE
    ../clib/microlib/init/entry.s            0x00000000   Number         0  entry11a.o ABSOLUTE
    ../clib/microlib/init/entry.s            0x00000000   Number         0  entry.o ABSOLUTE
    ../clib/microlib/init/entry.s            0x00000000   Number         0  entry8a.o ABSOLUTE
    ../clib/microlib/init/entry.s            0x00000000   Number         0  entry8b.o ABSOLUTE
    ../clib/microlib/init/entry.s            0x00000000   Number         0  entry9a.o ABSOLUTE
    ../clib/microlib/init/entry.s            0x00000000   Number         0  entry2.o ABSOLUTE
    ../clib/microlib/init/entry.s            0x00000000   Number         0  entry7b.o ABSOLUTE
    ../clib/microlib/init/entry.s            0x00000000   Number         0  entry5.o ABSOLUTE
    ../clib/microlib/init/entry.s            0x00000000   Number         0  entry9b.o ABSOLUTE
    ../clib/microlib/init/entry.s            0x00000000   Number         0  entry11b.o ABSOLUTE
    ../clib/microlib/init/entry.s            0x00000000   Number         0  entry7a.o ABSOLUTE
    ../clib/microlib/longlong.c              0x00000000   Number         0  llushr.o ABSOLUTE
    ../clib/microlib/longlong.c              0x00000000   Number         0  llshl.o ABSOLUTE
    ../clib/microlib/string/memcpy.c         0x00000000   Number         0  memcpyb.o ABSOLUTE
    ../clib/microlib/string/memcpy.c         0x00000000   Number         0  memcpya.o ABSOLUTE
    ../clib/microlib/string/memset.c         0x00000000   Number         0  memseta.o ABSOLUTE
    ..\Drivers\STM32F4xx_HAL_Driver\Src\stm32f4xx_hal.c 0x00000000   Number         0  stm32f4xx_hal.o ABSOLUTE
    ..\Drivers\STM32F4xx_HAL_Driver\Src\stm32f4xx_hal_cortex.c 0x00000000   Number         0  stm32f4xx_hal_cortex.o ABSOLUTE
    ..\Drivers\STM32F4xx_HAL_Driver\Src\stm32f4xx_hal_dma.c 0x00000000   Number         0  stm32f4xx_hal_dma.o ABSOLUTE
    ..\Drivers\STM32F4xx_HAL_Driver\Src\stm32f4xx_hal_dma_ex.c 0x00000000   Number         0  stm32f4xx_hal_dma_ex.o ABSOLUTE
    ..\Drivers\STM32F4xx_HAL_Driver\Src\stm32f4xx_hal_exti.c 0x00000000   Number         0  stm32f4xx_hal_exti.o ABSOLUTE
    ..\Drivers\STM32F4xx_HAL_Driver\Src\stm32f4xx_hal_flash.c 0x00000000   Number         0  stm32f4xx_hal_flash.o ABSOLUTE
    ..\Drivers\STM32F4xx_HAL_Driver\Src\stm32f4xx_hal_flash_ex.c 0x00000000   Number         0  stm32f4xx_hal_flash_ex.o ABSOLUTE
    ..\Drivers\STM32F4xx_HAL_Driver\Src\stm32f4xx_hal_flash_ramfunc.c 0x00000000   Number         0  stm32f4xx_hal_flash_ramfunc.o ABSOLUTE
    ..\Drivers\STM32F4xx_HAL_Driver\Src\stm32f4xx_hal_gpio.c 0x00000000   Number         0  stm32f4xx_hal_gpio.o ABSOLUTE
    ..\Drivers\STM32F4xx_HAL_Driver\Src\stm32f4xx_hal_pcd.c 0x00000000   Number         0  stm32f4xx_hal_pcd.o ABSOLUTE
    ..\Drivers\STM32F4xx_HAL_Driver\Src\stm32f4xx_hal_pcd_ex.c 0x00000000   Number         0  stm32f4xx_hal_pcd_ex.o ABSOLUTE
    ..\Drivers\STM32F4xx_HAL_Driver\Src\stm32f4xx_hal_pwr.c 0x00000000   Number         0  stm32f4xx_hal_pwr.o ABSOLUTE
    ..\Drivers\STM32F4xx_HAL_Driver\Src\stm32f4xx_hal_pwr_ex.c 0x00000000   Number         0  stm32f4xx_hal_pwr_ex.o ABSOLUTE
    ..\Drivers\STM32F4xx_HAL_Driver\Src\stm32f4xx_hal_rcc.c 0x00000000   Number         0  stm32f4xx_hal_rcc.o ABSOLUTE
    ..\Drivers\STM32F4xx_HAL_Driver\Src\stm32f4xx_hal_rcc_ex.c 0x00000000   Number         0  stm32f4xx_hal_rcc_ex.o ABSOLUTE
    ..\Drivers\STM32F4xx_HAL_Driver\Src\stm32f4xx_hal_tim.c 0x00000000   Number         0  stm32f4xx_hal_tim.o ABSOLUTE
    ..\Drivers\STM32F4xx_HAL_Driver\Src\stm32f4xx_hal_tim_ex.c 0x00000000   Number         0  stm32f4xx_hal_tim_ex.o ABSOLUTE
    ..\Drivers\STM32F4xx_HAL_Driver\Src\stm32f4xx_ll_usb.c 0x00000000   Number         0  stm32f4xx_ll_usb.o ABSOLUTE
    ..\Middlewares\ST\STM32_USB_Device_Library\Class\CDC\Src\usbd_cdc.c 0x00000000   Number         0  usbd_cdc.o ABSOLUTE
    ..\Middlewares\ST\STM32_USB_Device_Library\Core\Src\usbd_core.c 0x00000000   Number         0  usbd_core.o ABSOLUTE
    ..\Middlewares\ST\STM32_USB_Device_Library\Core\Src\usbd_ctlreq.c 0x00000000   Number         0  usbd_ctlreq.o ABSOLUTE
    ..\Middlewares\ST\STM32_USB_Device_Library\Core\Src\usbd_ioreq.c 0x00000000   Number         0  usbd_ioreq.o ABSOLUTE
    ..\Src\main.c                            0x00000000   Number         0  main.o ABSOLUTE
    ..\Src\mem_alloc.c                       0x00000000   Number         0  mem_alloc.o ABSOLUTE
    ..\Src\stm32f4xx_hal_msp.c               0x00000000   Number         0  stm32f4xx_hal_msp.o ABSOLUTE
    ..\Src\stm32f4xx_it.c                    0x00000000   Number         0  stm32f4xx_it.o ABSOLUTE
    ..\Src\system_stm32f4xx.c                0x00000000   Number         0  system_stm32f4xx.o ABSOLUTE
    ..\Src\usb_device.c                      0x00000000   Number         0  usb_device.o ABSOLUTE
    ..\Src\usbd_cdc_if.c                     0x00000000   Number         0  usbd_cdc_if.o ABSOLUTE
    ..\Src\usbd_conf.c                       0x00000000   Number         0  usbd_conf.o ABSOLUTE
    ..\Src\usbd_desc.c                       0x00000000   Number         0  usbd_desc.o ABSOLUTE
    dc.s                                     0x00000000   Number         0  dc.o ABSOLUTE
    handlers.s                               0x00000000   Number         0  handlers.o ABSOLUTE
    init.s                                   0x00000000   Number         0  init.o ABSOLUTE
    startup_stm32f405xx.s                    0x00000000   Number         0  startup_stm32f405xx.o ABSOLUTE
    RESET                                    0x08000000   Section      392  startup_stm32f405xx.o(RESET)
    .ARM.Collect$$$$00000000                 0x08000188   Section        0  entry.o(.ARM.Collect$$$$00000000)
    .ARM.Collect$$$$00000001                 0x08000188   Section        4  entry2.o(.ARM.Collect$$$$00000001)
    .ARM.Collect$$$$00000004                 0x0800018c   Section        4  entry5.o(.ARM.Collect$$$$00000004)
    .ARM.Collect$$$$00000008                 0x08000190   Section        0  entry7b.o(.ARM.Collect$$$$00000008)
    .ARM.Collect$$$$0000000A                 0x08000190   Section        0  entry8b.o(.ARM.Collect$$$$0000000A)
    .ARM.Collect$$$$0000000B                 0x08000190   Section        8  entry9a.o(.ARM.Collect$$$$0000000B)
    .ARM.Collect$$$$0000000D                 0x08000198   Section        0  entry10a.o(.ARM.Collect$$$$0000000D)
    .ARM.Collect$$$$0000000F                 0x08000198   Section        0  entry11a.o(.ARM.Collect$$$$0000000F)
    .ARM.Collect$$$$00002712                 0x08000198   Section        4  entry2.o(.ARM.Collect$$$$00002712)
    __lit__00000000                          0x08000198   Data           4  entry2.o(.ARM.Collect$$$$00002712)
    .text                                    0x0800019c   Section       36  startup_stm32f405xx.o(.text)
    $v0                                      0x0800019c   Number         0  startup_stm32f405xx.o(.text)
    .text                                    0x080001c0   Section        0  uldiv.o(.text)
    .text                                    0x08000222   Section        0  memcpya.o(.text)
    .text                                    0x08000246   Section        0  memseta.o(.text)
    .text                                    0x0800026a   Section        0  llshl.o(.text)
    .text                                    0x08000288   Section        0  llushr.o(.text)
    .text                                    0x080002a8   Section       36  init.o(.text)
    .text                                    0x080002cc   Section        0  __dczerorl2.o(.text)
    i.BusFault_Handler                       0x08000322   Section        0  stm32f4xx_it.o(i.BusFault_Handler)
    i.CDC_Control_FS                         0x08000324   Section        0  usbd_cdc_if.o(i.CDC_Control_FS)
    CDC_Control_FS                           0x08000325   Thumb Code     4  usbd_cdc_if.o(i.CDC_Control_FS)
    i.CDC_DeInit_FS                          0x08000328   Section        0  usbd_cdc_if.o(i.CDC_DeInit_FS)
    CDC_DeInit_FS                            0x08000329   Thumb Code     4  usbd_cdc_if.o(i.CDC_DeInit_FS)
    i.CDC_Init_FS                            0x0800032c   Section        0  usbd_cdc_if.o(i.CDC_Init_FS)
    CDC_Init_FS                              0x0800032d   Thumb Code    30  usbd_cdc_if.o(i.CDC_Init_FS)
    i.CDC_Receive_FS                         0x0800035c   Section        0  usbd_cdc_if.o(i.CDC_Receive_FS)
    CDC_Receive_FS                           0x0800035d   Thumb Code    20  usbd_cdc_if.o(i.CDC_Receive_FS)
    i.DebugMon_Handler                       0x08000374   Section        0  stm32f4xx_it.o(i.DebugMon_Handler)
    i.Error_Handler                          0x08000376   Section        0  main.o(i.Error_Handler)
    i.HAL_Delay                              0x08000378   Section        0  stm32f4xx_hal.o(i.HAL_Delay)
    i.HAL_GPIO_Init                          0x0800039c   Section        0  stm32f4xx_hal_gpio.o(i.HAL_GPIO_Init)
    i.HAL_GetTick                            0x08000554   Section        0  stm32f4xx_hal.o(i.HAL_GetTick)
    i.HAL_IncTick                            0x08000560   Section        0  stm32f4xx_hal.o(i.HAL_IncTick)
    i.HAL_Init                               0x08000570   Section        0  stm32f4xx_hal.o(i.HAL_Init)
    i.HAL_InitTick                           0x080005a4   Section        0  stm32f4xx_hal.o(i.HAL_InitTick)
    i.HAL_MspInit                            0x080005e4   Section        0  stm32f4xx_hal_msp.o(i.HAL_MspInit)
    i.HAL_NVIC_EnableIRQ                     0x08000614   Section        0  stm32f4xx_hal_cortex.o(i.HAL_NVIC_EnableIRQ)
    i.HAL_NVIC_SetPriority                   0x08000630   Section        0  stm32f4xx_hal_cortex.o(i.HAL_NVIC_SetPriority)
    i.HAL_NVIC_SetPriorityGrouping           0x08000670   Section        0  stm32f4xx_hal_cortex.o(i.HAL_NVIC_SetPriorityGrouping)
    i.HAL_PCDEx_LPM_Callback                 0x08000694   Section        0  stm32f4xx_hal_pcd_ex.o(i.HAL_PCDEx_LPM_Callback)
    i.HAL_PCDEx_SetRxFiFo                    0x08000696   Section        0  stm32f4xx_hal_pcd_ex.o(i.HAL_PCDEx_SetRxFiFo)
    i.HAL_PCDEx_SetTxFiFo                    0x0800069e   Section        0  stm32f4xx_hal_pcd_ex.o(i.HAL_PCDEx_SetTxFiFo)
    i.HAL_PCD_ConnectCallback                0x080006e2   Section        0  usbd_conf.o(i.HAL_PCD_ConnectCallback)
    i.HAL_PCD_DataInStageCallback            0x080006ea   Section        0  usbd_conf.o(i.HAL_PCD_DataInStageCallback)
    i.HAL_PCD_DataOutStageCallback           0x080006fc   Section        0  usbd_conf.o(i.HAL_PCD_DataOutStageCallback)
    i.HAL_PCD_DisconnectCallback             0x08000710   Section        0  usbd_conf.o(i.HAL_PCD_DisconnectCallback)
    i.HAL_PCD_EP_Close                       0x08000718   Section        0  stm32f4xx_hal_pcd.o(i.HAL_PCD_EP_Close)
    i.HAL_PCD_EP_ClrStall                    0x08000764   Section        0  stm32f4xx_hal_pcd.o(i.HAL_PCD_EP_ClrStall)
    i.HAL_PCD_EP_GetRxCount                  0x080007c0   Section        0  stm32f4xx_hal_pcd.o(i.HAL_PCD_EP_GetRxCount)
    i.HAL_PCD_EP_Open                        0x080007d2   Section        0  stm32f4xx_hal_pcd.o(i.HAL_PCD_EP_Open)
    i.HAL_PCD_EP_Receive                     0x08000832   Section        0  stm32f4xx_hal_pcd.o(i.HAL_PCD_EP_Receive)
    i.HAL_PCD_EP_SetStall                    0x0800087a   Section        0  stm32f4xx_hal_pcd.o(i.HAL_PCD_EP_SetStall)
    i.HAL_PCD_EP_Transmit                    0x080008ee   Section        0  stm32f4xx_hal_pcd.o(i.HAL_PCD_EP_Transmit)
    i.HAL_PCD_IRQHandler                     0x08000930   Section        0  stm32f4xx_hal_pcd.o(i.HAL_PCD_IRQHandler)
    i.HAL_PCD_ISOINIncompleteCallback        0x08000d94   Section        0  usbd_conf.o(i.HAL_PCD_ISOINIncompleteCallback)
    i.HAL_PCD_ISOOUTIncompleteCallback       0x08000d9c   Section        0  usbd_conf.o(i.HAL_PCD_ISOOUTIncompleteCallback)
    i.HAL_PCD_Init                           0x08000da4   Section        0  stm32f4xx_hal_pcd.o(i.HAL_PCD_Init)
    i.HAL_PCD_MspInit                        0x08000e88   Section        0  usbd_conf.o(i.HAL_PCD_MspInit)
    i.HAL_PCD_ResetCallback                  0x08000f0c   Section        0  usbd_conf.o(i.HAL_PCD_ResetCallback)
    i.HAL_PCD_ResumeCallback                 0x08000f38   Section        0  usbd_conf.o(i.HAL_PCD_ResumeCallback)
    i.HAL_PCD_SOFCallback                    0x08000f40   Section        0  usbd_conf.o(i.HAL_PCD_SOFCallback)
    i.HAL_PCD_SetAddress                     0x08000f48   Section        0  stm32f4xx_hal_pcd.o(i.HAL_PCD_SetAddress)
    i.HAL_PCD_SetupStageCallback             0x08000f70   Section        0  usbd_conf.o(i.HAL_PCD_SetupStageCallback)
    i.HAL_PCD_Start                          0x08000f7e   Section        0  stm32f4xx_hal_pcd.o(i.HAL_PCD_Start)
    i.HAL_PCD_SuspendCallback                0x08000fc0   Section        0  usbd_conf.o(i.HAL_PCD_SuspendCallback)
    i.HAL_RCC_ClockConfig                    0x08000ff0   Section        0  stm32f4xx_hal_rcc.o(i.HAL_RCC_ClockConfig)
    i.HAL_RCC_GetHCLKFreq                    0x08001124   Section        0  stm32f4xx_hal_rcc.o(i.HAL_RCC_GetHCLKFreq)
    i.HAL_RCC_GetSysClockFreq                0x08001130   Section        0  stm32f4xx_hal_rcc.o(i.HAL_RCC_GetSysClockFreq)
    i.HAL_RCC_OscConfig                      0x08001190   Section        0  stm32f4xx_hal_rcc.o(i.HAL_RCC_OscConfig)
    i.HAL_SYSTICK_Config                     0x080014ec   Section        0  stm32f4xx_hal_cortex.o(i.HAL_SYSTICK_Config)
    i.HardFault_Handler                      0x08001514   Section        0  stm32f4xx_it.o(i.HardFault_Handler)
    i.IntToUnicode                           0x08001518   Section        0  usbd_desc.o(i.IntToUnicode)
    IntToUnicode                             0x08001519   Thumb Code    56  usbd_desc.o(i.IntToUnicode)
    i.MX_USB_DEVICE_Init                     0x08001550   Section        0  usb_device.o(i.MX_USB_DEVICE_Init)
    i.MemManage_Handler                      0x080015a4   Section        0  stm32f4xx_it.o(i.MemManage_Handler)
    i.NMI_Handler                            0x080015a6   Section        0  stm32f4xx_it.o(i.NMI_Handler)
    i.OTG_FS_IRQHandler                      0x080015a8   Section        0  stm32f4xx_it.o(i.OTG_FS_IRQHandler)
    i.PCD_EP_OutXfrComplete_int              0x080015b4   Section        0  stm32f4xx_hal_pcd.o(i.PCD_EP_OutXfrComplete_int)
    PCD_EP_OutXfrComplete_int                0x080015b5   Thumb Code   212  stm32f4xx_hal_pcd.o(i.PCD_EP_OutXfrComplete_int)
    i.PCD_WriteEmptyTxFifo                   0x08001690   Section        0  stm32f4xx_hal_pcd.o(i.PCD_WriteEmptyTxFifo)
    PCD_WriteEmptyTxFifo                     0x08001691   Thumb Code   162  stm32f4xx_hal_pcd.o(i.PCD_WriteEmptyTxFifo)
    i.PendSV_Handler                         0x08001732   Section        0  stm32f4xx_it.o(i.PendSV_Handler)
    i.SVC_Handler                            0x08001734   Section        0  stm32f4xx_it.o(i.SVC_Handler)
    i.SysTick_Handler                        0x08001736   Section        0  stm32f4xx_it.o(i.SysTick_Handler)
    i.SystemClock_Config                     0x0800173c   Section        0  main.o(i.SystemClock_Config)
    i.SystemInit                             0x080017c4   Section        0  system_stm32f4xx.o(i.SystemInit)
    i.USBD_CDC_DataIn                        0x080017e0   Section        0  usbd_cdc.o(i.USBD_CDC_DataIn)
    USBD_CDC_DataIn                          0x080017e1   Thumb Code    74  usbd_cdc.o(i.USBD_CDC_DataIn)
    i.USBD_CDC_DataOut                       0x0800182a   Section        0  usbd_cdc.o(i.USBD_CDC_DataOut)
    USBD_CDC_DataOut                         0x0800182b   Thumb Code    46  usbd_cdc.o(i.USBD_CDC_DataOut)
    i.USBD_CDC_DeInit                        0x08001858   Section        0  usbd_cdc.o(i.USBD_CDC_DeInit)
    USBD_CDC_DeInit                          0x08001859   Thumb Code    68  usbd_cdc.o(i.USBD_CDC_DeInit)
    i.USBD_CDC_EP0_RxReady                   0x0800189c   Section        0  usbd_cdc.o(i.USBD_CDC_EP0_RxReady)
    USBD_CDC_EP0_RxReady                     0x0800189d   Thumb Code    36  usbd_cdc.o(i.USBD_CDC_EP0_RxReady)
    i.USBD_CDC_GetDeviceQualifierDescriptor  0x080018c0   Section        0  usbd_cdc.o(i.USBD_CDC_GetDeviceQualifierDescriptor)
    i.USBD_CDC_GetFSCfgDesc                  0x080018cc   Section        0  usbd_cdc.o(i.USBD_CDC_GetFSCfgDesc)
    USBD_CDC_GetFSCfgDesc                    0x080018cd   Thumb Code     8  usbd_cdc.o(i.USBD_CDC_GetFSCfgDesc)
    i.USBD_CDC_GetHSCfgDesc                  0x080018d8   Section        0  usbd_cdc.o(i.USBD_CDC_GetHSCfgDesc)
    USBD_CDC_GetHSCfgDesc                    0x080018d9   Thumb Code     8  usbd_cdc.o(i.USBD_CDC_GetHSCfgDesc)
    i.USBD_CDC_GetOtherSpeedCfgDesc          0x080018e4   Section        0  usbd_cdc.o(i.USBD_CDC_GetOtherSpeedCfgDesc)
    USBD_CDC_GetOtherSpeedCfgDesc            0x080018e5   Thumb Code     8  usbd_cdc.o(i.USBD_CDC_GetOtherSpeedCfgDesc)
    i.USBD_CDC_Init                          0x080018f0   Section        0  usbd_cdc.o(i.USBD_CDC_Init)
    USBD_CDC_Init                            0x080018f1   Thumb Code   148  usbd_cdc.o(i.USBD_CDC_Init)
    i.USBD_CDC_ReceivePacket                 0x08001984   Section        0  usbd_cdc.o(i.USBD_CDC_ReceivePacket)
    i.USBD_CDC_RegisterInterface             0x080019ac   Section        0  usbd_cdc.o(i.USBD_CDC_RegisterInterface)
    i.USBD_CDC_SetRxBuffer                   0x080019bc   Section        0  usbd_cdc.o(i.USBD_CDC_SetRxBuffer)
    i.USBD_CDC_SetTxBuffer                   0x080019c8   Section        0  usbd_cdc.o(i.USBD_CDC_SetTxBuffer)
    i.USBD_CDC_Setup                         0x080019d8   Section        0  usbd_cdc.o(i.USBD_CDC_Setup)
    USBD_CDC_Setup                           0x080019d9   Thumb Code   172  usbd_cdc.o(i.USBD_CDC_Setup)
    i.USBD_CDC_TransmitPacket                0x08001a84   Section        0  usbd_cdc.o(i.USBD_CDC_TransmitPacket)
    i.USBD_ClrClassConfig                    0x08001aba   Section        0  usbd_core.o(i.USBD_ClrClassConfig)
    i.USBD_CtlContinueRx                     0x08001ac8   Section        0  usbd_ioreq.o(i.USBD_CtlContinueRx)
    i.USBD_CtlContinueSendData               0x08001ad8   Section        0  usbd_ioreq.o(i.USBD_CtlContinueSendData)
    i.USBD_CtlError                          0x08001ae8   Section        0  usbd_ctlreq.o(i.USBD_CtlError)
    i.USBD_CtlPrepareRx                      0x08001afe   Section        0  usbd_ioreq.o(i.USBD_CtlPrepareRx)
    i.USBD_CtlReceiveStatus                  0x08001b1c   Section        0  usbd_ioreq.o(i.USBD_CtlReceiveStatus)
    i.USBD_CtlSendData                       0x08001b32   Section        0  usbd_ioreq.o(i.USBD_CtlSendData)
    i.USBD_CtlSendStatus                     0x08001b4c   Section        0  usbd_ioreq.o(i.USBD_CtlSendStatus)
    i.USBD_FS_ConfigStrDescriptor            0x08001b64   Section        0  usbd_desc.o(i.USBD_FS_ConfigStrDescriptor)
    i.USBD_FS_DeviceDescriptor               0x08001b84   Section        0  usbd_desc.o(i.USBD_FS_DeviceDescriptor)
    i.USBD_FS_InterfaceStrDescriptor         0x08001b90   Section        0  usbd_desc.o(i.USBD_FS_InterfaceStrDescriptor)
    i.USBD_FS_LangIDStrDescriptor            0x08001bb4   Section        0  usbd_desc.o(i.USBD_FS_LangIDStrDescriptor)
    i.USBD_FS_ManufacturerStrDescriptor      0x08001bc0   Section        0  usbd_desc.o(i.USBD_FS_ManufacturerStrDescriptor)
    i.USBD_FS_ProductStrDescriptor           0x08001be8   Section        0  usbd_desc.o(i.USBD_FS_ProductStrDescriptor)
    i.USBD_FS_SerialStrDescriptor            0x08001c14   Section        0  usbd_desc.o(i.USBD_FS_SerialStrDescriptor)
    i.USBD_GetDescriptor                     0x08001c4c   Section        0  usbd_ctlreq.o(i.USBD_GetDescriptor)
    USBD_GetDescriptor                       0x08001c4d   Thumb Code   232  usbd_ctlreq.o(i.USBD_GetDescriptor)
    i.USBD_GetString                         0x08001d34   Section        0  usbd_ctlreq.o(i.USBD_GetString)
    i.USBD_Get_USB_Status                    0x08001d7c   Section        0  usbd_conf.o(i.USBD_Get_USB_Status)
    i.USBD_Init                              0x08001d94   Section        0  usbd_core.o(i.USBD_Init)
    i.USBD_LL_ClearStallEP                   0x08001dbe   Section        0  usbd_conf.o(i.USBD_LL_ClearStallEP)
    i.USBD_LL_CloseEP                        0x08001dd0   Section        0  usbd_conf.o(i.USBD_LL_CloseEP)
    i.USBD_LL_DataInStage                    0x08001de2   Section        0  usbd_core.o(i.USBD_LL_DataInStage)
    i.USBD_LL_DataOutStage                   0x08001ea8   Section        0  usbd_core.o(i.USBD_LL_DataOutStage)
    i.USBD_LL_DevConnected                   0x08001f2a   Section        0  usbd_core.o(i.USBD_LL_DevConnected)
    i.USBD_LL_DevDisconnected                0x08001f2e   Section        0  usbd_core.o(i.USBD_LL_DevDisconnected)
    i.USBD_LL_GetRxDataSize                  0x08001f44   Section        0  usbd_conf.o(i.USBD_LL_GetRxDataSize)
    i.USBD_LL_Init                           0x08001f4c   Section        0  usbd_conf.o(i.USBD_LL_Init)
    i.USBD_LL_IsStallEP                      0x08001fac   Section        0  usbd_conf.o(i.USBD_LL_IsStallEP)
    i.USBD_LL_IsoINIncomplete                0x08001fcc   Section        0  usbd_core.o(i.USBD_LL_IsoINIncomplete)
    i.USBD_LL_IsoOUTIncomplete               0x08001fd0   Section        0  usbd_core.o(i.USBD_LL_IsoOUTIncomplete)
    i.USBD_LL_OpenEP                         0x08001fd4   Section        0  usbd_conf.o(i.USBD_LL_OpenEP)
    i.USBD_LL_PrepareReceive                 0x08001fec   Section        0  usbd_conf.o(i.USBD_LL_PrepareReceive)
    i.USBD_LL_Reset                          0x08001ffe   Section        0  usbd_core.o(i.USBD_LL_Reset)
    i.USBD_LL_Resume                         0x0800204e   Section        0  usbd_core.o(i.USBD_LL_Resume)
    i.USBD_LL_SOF                            0x0800205a   Section        0  usbd_core.o(i.USBD_LL_SOF)
    i.USBD_LL_SetSpeed                       0x08002072   Section        0  usbd_core.o(i.USBD_LL_SetSpeed)
    i.USBD_LL_SetUSBAddress                  0x08002078   Section        0  usbd_conf.o(i.USBD_LL_SetUSBAddress)
    i.USBD_LL_SetupStage                     0x0800208a   Section        0  usbd_core.o(i.USBD_LL_SetupStage)
    i.USBD_LL_StallEP                        0x080020e4   Section        0  usbd_conf.o(i.USBD_LL_StallEP)
    i.USBD_LL_Start                          0x080020f6   Section        0  usbd_conf.o(i.USBD_LL_Start)
    i.USBD_LL_Suspend                        0x08002108   Section        0  usbd_core.o(i.USBD_LL_Suspend)
    i.USBD_LL_Transmit                       0x0800211a   Section        0  usbd_conf.o(i.USBD_LL_Transmit)
    i.USBD_ParseSetupRequest                 0x0800212c   Section        0  usbd_ctlreq.o(i.USBD_ParseSetupRequest)
    i.USBD_RegisterClass                     0x08002154   Section        0  usbd_core.o(i.USBD_RegisterClass)
    i.USBD_SetClassConfig                    0x08002164   Section        0  usbd_core.o(i.USBD_SetClassConfig)
    i.USBD_SetConfig                         0x0800217c   Section        0  usbd_ctlreq.o(i.USBD_SetConfig)
    USBD_SetConfig                           0x0800217d   Thumb Code   128  usbd_ctlreq.o(i.USBD_SetConfig)
    i.USBD_Start                             0x08002200   Section        0  usbd_core.o(i.USBD_Start)
    i.USBD_StdDevReq                         0x0800220a   Section        0  usbd_ctlreq.o(i.USBD_StdDevReq)
    i.USBD_StdEPReq                          0x0800231c   Section        0  usbd_ctlreq.o(i.USBD_StdEPReq)
    i.USBD_StdItfReq                         0x0800246c   Section        0  usbd_ctlreq.o(i.USBD_StdItfReq)
    i.USB_ActivateEndpoint                   0x080024bc   Section        0  stm32f4xx_ll_usb.o(i.USB_ActivateEndpoint)
    i.USB_ActivateSetup                      0x0800253c   Section        0  stm32f4xx_ll_usb.o(i.USB_ActivateSetup)
    i.USB_CoreInit                           0x08002570   Section        0  stm32f4xx_ll_usb.o(i.USB_CoreInit)
    i.USB_CoreReset                          0x080025e4   Section        0  stm32f4xx_ll_usb.o(i.USB_CoreReset)
    USB_CoreReset                            0x080025e5   Thumb Code    50  stm32f4xx_ll_usb.o(i.USB_CoreReset)
    i.USB_DeactivateEndpoint                 0x0800261c   Section        0  stm32f4xx_ll_usb.o(i.USB_DeactivateEndpoint)
    i.USB_DevConnect                         0x0800269c   Section        0  stm32f4xx_ll_usb.o(i.USB_DevConnect)
    i.USB_DevDisconnect                      0x080026b4   Section        0  stm32f4xx_ll_usb.o(i.USB_DevDisconnect)
    i.USB_DevInit                            0x080026cc   Section        0  stm32f4xx_ll_usb.o(i.USB_DevInit)
    i.USB_DisableGlobalInt                   0x08002858   Section        0  stm32f4xx_ll_usb.o(i.USB_DisableGlobalInt)
    i.USB_EP0StartXfer                       0x08002864   Section        0  stm32f4xx_ll_usb.o(i.USB_EP0StartXfer)
    i.USB_EP0_OutStart                       0x0800297c   Section        0  stm32f4xx_ll_usb.o(i.USB_EP0_OutStart)
    i.USB_EPClearStall                       0x080029d4   Section        0  stm32f4xx_ll_usb.o(i.USB_EPClearStall)
    i.USB_EPSetStall                         0x08002a2c   Section        0  stm32f4xx_ll_usb.o(i.USB_EPSetStall)
    i.USB_EPStartXfer                        0x08002a84   Section        0  stm32f4xx_ll_usb.o(i.USB_EPStartXfer)
    i.USB_EnableGlobalInt                    0x08002c6c   Section        0  stm32f4xx_ll_usb.o(i.USB_EnableGlobalInt)
    i.USB_FlushRxFifo                        0x08002c78   Section        0  stm32f4xx_ll_usb.o(i.USB_FlushRxFifo)
    i.USB_FlushTxFifo                        0x08002c98   Section        0  stm32f4xx_ll_usb.o(i.USB_FlushTxFifo)
    i.USB_GetDevSpeed                        0x08002cbc   Section        0  stm32f4xx_ll_usb.o(i.USB_GetDevSpeed)
    i.USB_GetMode                            0x08002cd6   Section        0  stm32f4xx_ll_usb.o(i.USB_GetMode)
    i.USB_ReadDevAllInEpInterrupt            0x08002cde   Section        0  stm32f4xx_ll_usb.o(i.USB_ReadDevAllInEpInterrupt)
    i.USB_ReadDevAllOutEpInterrupt           0x08002cec   Section        0  stm32f4xx_ll_usb.o(i.USB_ReadDevAllOutEpInterrupt)
    i.USB_ReadDevInEPInterrupt               0x08002cfa   Section        0  stm32f4xx_ll_usb.o(i.USB_ReadDevInEPInterrupt)
    i.USB_ReadDevOutEPInterrupt              0x08002d1e   Section        0  stm32f4xx_ll_usb.o(i.USB_ReadDevOutEPInterrupt)
    i.USB_ReadInterrupts                     0x08002d2e   Section        0  stm32f4xx_ll_usb.o(i.USB_ReadInterrupts)
    i.USB_ReadPacket                         0x08002d36   Section        0  stm32f4xx_ll_usb.o(i.USB_ReadPacket)
    i.USB_SetCurrentMode                     0x08002d52   Section        0  stm32f4xx_ll_usb.o(i.USB_SetCurrentMode)
    i.USB_SetDevAddress                      0x08002d80   Section        0  stm32f4xx_ll_usb.o(i.USB_SetDevAddress)
    i.USB_SetTurnaroundTime                  0x08002da4   Section        0  stm32f4xx_ll_usb.o(i.USB_SetTurnaroundTime)
    i.USB_WritePacket                        0x08002e8c   Section        0  stm32f4xx_ll_usb.o(i.USB_WritePacket)
    i.UsageFault_Handler                     0x08002eb0   Section        0  stm32f4xx_it.o(i.UsageFault_Handler)
    i.VCP_Read                               0x08002eb4   Section        0  usbd_cdc_if.o(i.VCP_Read)
    i.VCP_Write                              0x08002f04   Section        0  usbd_cdc_if.o(i.VCP_Write)
    i.__NVIC_SetPriority                     0x08002f6c   Section        0  stm32f4xx_hal_cortex.o(i.__NVIC_SetPriority)
    __NVIC_SetPriority                       0x08002f6d   Thumb Code    32  stm32f4xx_hal_cortex.o(i.__NVIC_SetPriority)
    i.__scatterload_copy                     0x08002f8c   Section       14  handlers.o(i.__scatterload_copy)
    i.__scatterload_null                     0x08002f9a   Section        2  handlers.o(i.__scatterload_null)
    i.__scatterload_zeroinit                 0x08002f9c   Section       14  handlers.o(i.__scatterload_zeroinit)
    i.free                                   0x08002fac   Section        0  mem_alloc.o(i.free)
    free                                     0x08002fad   Thumb Code    88  mem_alloc.o(i.free)
    i.m_free                                 0x0800300c   Section        0  mem_alloc.o(i.m_free)
    i.m_malloc                               0x08003010   Section        0  mem_alloc.o(i.m_malloc)
    i.main                                   0x08003014   Section        0  main.o(i.main)
    i.malloc                                 0x08003080   Section        0  mem_alloc.o(i.malloc)
    malloc                                   0x08003081   Thumb Code   126  mem_alloc.o(i.malloc)
    i.mem_init                               0x08003108   Section        0  mem_alloc.o(i.mem_init)
    .constdata                               0x0800313c   Section       16  system_stm32f4xx.o(.constdata)
    .data                                    0x20000000   Section       28  usbd_desc.o(.data)
    .data                                    0x2000001c   Section       50  usbd_desc.o(.data)
    .data                                    0x20000050   Section       16  usbd_cdc_if.o(.data)
    .data                                    0x20000060   Section        1  usbd_cdc_if.o(.data)
    .data                                    0x20000061   Section        1  mem_alloc.o(.data)
    mem_init_flag                            0x20000061   Data           1  mem_alloc.o(.data)
    .data                                    0x20000064   Section       12  stm32f4xx_hal.o(.data)
    .data                                    0x20000070   Section        4  system_stm32f4xx.o(.data)
    .data                                    0x20000074   Section        1  usbd_ctlreq.o(.data)
    cfgidx                                   0x20000074   Data           1  usbd_ctlreq.o(.data)
    .data                                    0x20000078   Section      215  usbd_cdc.o(.data)
    USBD_CDC_DeviceQualifierDesc             0x20000078   Data          10  usbd_cdc.o(.data)
    .data                                    0x20000150   Section       56  usbd_cdc.o(.data)
    .bss                                     0x20000188   Section      668  usb_device.o(.bss)
    .bss                                     0x20000424   Section     1032  usbd_conf.o(.bss)
    .bss                                     0x2000082c   Section      512  usbd_desc.o(.bss)
    .bss                                     0x20000a2c   Section     2112  usbd_cdc_if.o(.bss)
    s_RxBuffer                               0x200011fc   Data         112  usbd_cdc_if.o(.bss)
    .bss                                     0x2000126c   Section     2048  mem_alloc.o(.bss)
    mem                                      0x2000126c   Data        2048  mem_alloc.o(.bss)
    STACK                                    0x20001a70   Section     1024  startup_stm32f405xx.o(STACK)

    Global Symbols

    Symbol Name                              Value     Ov Type        Size  Object(Section)

    BuildAttributes$$THM_ISAv4$E$P$D$K$B$S$7EM$VFPi3$EXTD16$VFPS$VFMA$PE$A:L22UL41UL21$X:L11$S22US41US21$IEEE1$IW$USESV6$~STKCKD$USESV7$~SHL$OSPACE$EBA8$MICROLIB$REQ8$PRES8$EABIv2 0x00000000   Number         0  anon$$obj.o ABSOLUTE
    __ARM_use_no_argv                        0x00000000   Number         0  main.o ABSOLUTE
    __cpp_initialize__aeabi_                  - Undefined Weak Reference
    __cxa_finalize                            - Undefined Weak Reference
    _clock_init                               - Undefined Weak Reference
    _microlib_exit                            - Undefined Weak Reference
    __Vectors_Size                           0x00000188   Number         0  startup_stm32f405xx.o ABSOLUTE
    __Vectors                                0x08000000   Data           4  startup_stm32f405xx.o(RESET)
    __Vectors_End                            0x08000188   Data           0  startup_stm32f405xx.o(RESET)
    __main                                   0x08000189   Thumb Code     0  entry.o(.ARM.Collect$$$$00000000)
    _main_stk                                0x08000189   Thumb Code     0  entry2.o(.ARM.Collect$$$$00000001)
    _main_scatterload                        0x0800018d   Thumb Code     0  entry5.o(.ARM.Collect$$$$00000004)
    __main_after_scatterload                 0x08000191   Thumb Code     0  entry5.o(.ARM.Collect$$$$00000004)
    _main_clock                              0x08000191   Thumb Code     0  entry7b.o(.ARM.Collect$$$$00000008)
    _main_cpp_init                           0x08000191   Thumb Code     0  entry8b.o(.ARM.Collect$$$$0000000A)
    _main_init                               0x08000191   Thumb Code     0  entry9a.o(.ARM.Collect$$$$0000000B)
    __rt_final_cpp                           0x08000199   Thumb Code     0  entry10a.o(.ARM.Collect$$$$0000000D)
    __rt_final_exit                          0x08000199   Thumb Code     0  entry11a.o(.ARM.Collect$$$$0000000F)
    Reset_Handler                            0x0800019d   Thumb Code     8  startup_stm32f405xx.o(.text)
    ADC_IRQHandler                           0x080001b7   Thumb Code     0  startup_stm32f405xx.o(.text)
    CAN1_RX0_IRQHandler                      0x080001b7   Thumb Code     0  startup_stm32f405xx.o(.text)
    CAN1_RX1_IRQHandler                      0x080001b7   Thumb Code     0  startup_stm32f405xx.o(.text)
    CAN1_SCE_IRQHandler                      0x080001b7   Thumb Code     0  startup_stm32f405xx.o(.text)
    CAN1_TX_IRQHandler                       0x080001b7   Thumb Code     0  startup_stm32f405xx.o(.text)
    CAN2_RX0_IRQHandler                      0x080001b7   Thumb Code     0  startup_stm32f405xx.o(.text)
    CAN2_RX1_IRQHandler                      0x080001b7   Thumb Code     0  startup_stm32f405xx.o(.text)
    CAN2_SCE_IRQHandler                      0x080001b7   Thumb Code     0  startup_stm32f405xx.o(.text)
    CAN2_TX_IRQHandler                       0x080001b7   Thumb Code     0  startup_stm32f405xx.o(.text)
    DMA1_Stream0_IRQHandler                  0x080001b7   Thumb Code     0  startup_stm32f405xx.o(.text)
    DMA1_Stream1_IRQHandler                  0x080001b7   Thumb Code     0  startup_stm32f405xx.o(.text)
    DMA1_Stream2_IRQHandler                  0x080001b7   Thumb Code     0  startup_stm32f405xx.o(.text)
    DMA1_Stream3_IRQHandler                  0x080001b7   Thumb Code     0  startup_stm32f405xx.o(.text)
    DMA1_Stream4_IRQHandler                  0x080001b7   Thumb Code     0  startup_stm32f405xx.o(.text)
    DMA1_Stream5_IRQHandler                  0x080001b7   Thumb Code     0  startup_stm32f405xx.o(.text)
    DMA1_Stream6_IRQHandler                  0x080001b7   Thumb Code     0  startup_stm32f405xx.o(.text)
    DMA1_Stream7_IRQHandler                  0x080001b7   Thumb Code     0  startup_stm32f405xx.o(.text)
    DMA2_Stream0_IRQHandler                  0x080001b7   Thumb Code     0  startup_stm32f405xx.o(.text)
    DMA2_Stream1_IRQHandler                  0x080001b7   Thumb Code     0  startup_stm32f405xx.o(.text)
    DMA2_Stream2_IRQHandler                  0x080001b7   Thumb Code     0  startup_stm32f405xx.o(.text)
    DMA2_Stream3_IRQHandler                  0x080001b7   Thumb Code     0  startup_stm32f405xx.o(.text)
    DMA2_Stream4_IRQHandler                  0x080001b7   Thumb Code     0  startup_stm32f405xx.o(.text)
    DMA2_Stream5_IRQHandler                  0x080001b7   Thumb Code     0  startup_stm32f405xx.o(.text)
    DMA2_Stream6_IRQHandler                  0x080001b7   Thumb Code     0  startup_stm32f405xx.o(.text)
    DMA2_Stream7_IRQHandler                  0x080001b7   Thumb Code     0  startup_stm32f405xx.o(.text)
    EXTI0_IRQHandler                         0x080001b7   Thumb Code     0  startup_stm32f405xx.o(.text)
    EXTI15_10_IRQHandler                     0x080001b7   Thumb Code     0  startup_stm32f405xx.o(.text)
    EXTI1_IRQHandler                         0x080001b7   Thumb Code     0  startup_stm32f405xx.o(.text)
    EXTI2_IRQHandler                         0x080001b7   Thumb Code     0  startup_stm32f405xx.o(.text)
    EXTI3_IRQHandler                         0x080001b7   Thumb Code     0  startup_stm32f405xx.o(.text)
    EXTI4_IRQHandler                         0x080001b7   Thumb Code     0  startup_stm32f405xx.o(.text)
    EXTI9_5_IRQHandler                       0x080001b7   Thumb Code     0  startup_stm32f405xx.o(.text)
    FLASH_IRQHandler                         0x080001b7   Thumb Code     0  startup_stm32f405xx.o(.text)
    FMC_IRQHandler                           0x080001b7   Thumb Code     0  startup_stm32f405xx.o(.text)
    FPU_IRQHandler                           0x080001b7   Thumb Code     0  startup_stm32f405xx.o(.text)
    HASH_RNG_IRQHandler                      0x080001b7   Thumb Code     0  startup_stm32f405xx.o(.text)
    I2C1_ER_IRQHandler                       0x080001b7   Thumb Code     0  startup_stm32f405xx.o(.text)
    I2C1_EV_IRQHandler                       0x080001b7   Thumb Code     0  startup_stm32f405xx.o(.text)
    I2C2_ER_IRQHandler                       0x080001b7   Thumb Code     0  startup_stm32f405xx.o(.text)
    I2C2_EV_IRQHandler                       0x080001b7   Thumb Code     0  startup_stm32f405xx.o(.text)
    I2C3_ER_IRQHandler                       0x080001b7   Thumb Code     0  startup_stm32f405xx.o(.text)
    I2C3_EV_IRQHandler                       0x080001b7   Thumb Code     0  startup_stm32f405xx.o(.text)
    OTG_FS_WKUP_IRQHandler                   0x080001b7   Thumb Code     0  startup_stm32f405xx.o(.text)
    OTG_HS_EP1_IN_IRQHandler                 0x080001b7   Thumb Code     0  startup_stm32f405xx.o(.text)
    OTG_HS_EP1_OUT_IRQHandler                0x080001b7   Thumb Code     0  startup_stm32f405xx.o(.text)
    OTG_HS_IRQHandler                        0x080001b7   Thumb Code     0  startup_stm32f405xx.o(.text)
    OTG_HS_WKUP_IRQHandler                   0x080001b7   Thumb Code     0  startup_stm32f405xx.o(.text)
    PVD_IRQHandler                           0x080001b7   Thumb Code     0  startup_stm32f405xx.o(.text)
    RCC_IRQHandler                           0x080001b7   Thumb Code     0  startup_stm32f405xx.o(.text)
    RTC_Alarm_IRQHandler                     0x080001b7   Thumb Code     0  startup_stm32f405xx.o(.text)
    RTC_WKUP_IRQHandler                      0x080001b7   Thumb Code     0  startup_stm32f405xx.o(.text)
    SDIO_IRQHandler                          0x080001b7   Thumb Code     0  startup_stm32f405xx.o(.text)
    SPI1_IRQHandler                          0x080001b7   Thumb Code     0  startup_stm32f405xx.o(.text)
    SPI2_IRQHandler                          0x080001b7   Thumb Code     0  startup_stm32f405xx.o(.text)
    SPI3_IRQHandler                          0x080001b7   Thumb Code     0  startup_stm32f405xx.o(.text)
    TAMP_STAMP_IRQHandler                    0x080001b7   Thumb Code     0  startup_stm32f405xx.o(.text)
    TIM1_BRK_TIM9_IRQHandler                 0x080001b7   Thumb Code     0  startup_stm32f405xx.o(.text)
    TIM1_CC_IRQHandler                       0x080001b7   Thumb Code     0  startup_stm32f405xx.o(.text)
    TIM1_TRG_COM_TIM11_IRQHandler            0x080001b7   Thumb Code     0  startup_stm32f405xx.o(.text)
    TIM1_UP_TIM10_IRQHandler                 0x080001b7   Thumb Code     0  startup_stm32f405xx.o(.text)
    TIM2_IRQHandler                          0x080001b7   Thumb Code     0  startup_stm32f405xx.o(.text)
    TIM3_IRQHandler                          0x080001b7   Thumb Code     0  startup_stm32f405xx.o(.text)
    TIM4_IRQHandler                          0x080001b7   Thumb Code     0  startup_stm32f405xx.o(.text)
    TIM5_IRQHandler                          0x080001b7   Thumb Code     0  startup_stm32f405xx.o(.text)
    TIM6_DAC_IRQHandler                      0x080001b7   Thumb Code     0  startup_stm32f405xx.o(.text)
    TIM7_IRQHandler                          0x080001b7   Thumb Code     0  startup_stm32f405xx.o(.text)
    TIM8_BRK_TIM12_IRQHandler                0x080001b7   Thumb Code     0  startup_stm32f405xx.o(.text)
    TIM8_CC_IRQHandler                       0x080001b7   Thumb Code     0  startup_stm32f405xx.o(.text)
    TIM8_TRG_COM_TIM14_IRQHandler            0x080001b7   Thumb Code     0  startup_stm32f405xx.o(.text)
    TIM8_UP_TIM13_IRQHandler                 0x080001b7   Thumb Code     0  startup_stm32f405xx.o(.text)
    UART4_IRQHandler                         0x080001b7   Thumb Code     0  startup_stm32f405xx.o(.text)
    UART5_IRQHandler                         0x080001b7   Thumb Code     0  startup_stm32f405xx.o(.text)
    USART1_IRQHandler                        0x080001b7   Thumb Code     0  startup_stm32f405xx.o(.text)
    USART2_IRQHandler                        0x080001b7   Thumb Code     0  startup_stm32f405xx.o(.text)
    USART3_IRQHandler                        0x080001b7   Thumb Code     0  startup_stm32f405xx.o(.text)
    USART6_IRQHandler                        0x080001b7   Thumb Code     0  startup_stm32f405xx.o(.text)
    WWDG_IRQHandler                          0x080001b7   Thumb Code     0  startup_stm32f405xx.o(.text)
    __aeabi_uldivmod                         0x080001c1   Thumb Code    98  uldiv.o(.text)
    __aeabi_memcpy                           0x08000223   Thumb Code    36  memcpya.o(.text)
    __aeabi_memcpy4                          0x08000223   Thumb Code     0  memcpya.o(.text)
    __aeabi_memcpy8                          0x08000223   Thumb Code     0  memcpya.o(.text)
    __aeabi_memset                           0x08000247   Thumb Code    14  memseta.o(.text)
    __aeabi_memset4                          0x08000247   Thumb Code     0  memseta.o(.text)
    __aeabi_memset8                          0x08000247   Thumb Code     0  memseta.o(.text)
    __aeabi_memclr                           0x08000255   Thumb Code     4  memseta.o(.text)
    __aeabi_memclr4                          0x08000255   Thumb Code     0  memseta.o(.text)
    __aeabi_memclr8                          0x08000255   Thumb Code     0  memseta.o(.text)
    _memset$wrapper                          0x08000259   Thumb Code    18  memseta.o(.text)
    __aeabi_llsl                             0x0800026b   Thumb Code    30  llshl.o(.text)
    _ll_shift_l                              0x0800026b   Thumb Code     0  llshl.o(.text)
    __aeabi_llsr                             0x08000289   Thumb Code    32  llushr.o(.text)
    _ll_ushift_r                             0x08000289   Thumb Code     0  llushr.o(.text)
    __scatterload                            0x080002a9   Thumb Code    28  init.o(.text)
    __scatterload_rt2                        0x080002a9   Thumb Code     0  init.o(.text)
    __decompress                             0x080002cd   Thumb Code     0  __dczerorl2.o(.text)
    __decompress1                            0x080002cd   Thumb Code    86  __dczerorl2.o(.text)
    BusFault_Handler                         0x08000323   Thumb Code     2  stm32f4xx_it.o(i.BusFault_Handler)
    DebugMon_Handler                         0x08000375   Thumb Code     2  stm32f4xx_it.o(i.DebugMon_Handler)
    Error_Handler                            0x08000377   Thumb Code     2  main.o(i.Error_Handler)
    HAL_Delay                                0x08000379   Thumb Code    32  stm32f4xx_hal.o(i.HAL_Delay)
    HAL_GPIO_Init                            0x0800039d   Thumb Code   394  stm32f4xx_hal_gpio.o(i.HAL_GPIO_Init)
    HAL_GetTick                              0x08000555   Thumb Code     6  stm32f4xx_hal.o(i.HAL_GetTick)
    HAL_IncTick                              0x08000561   Thumb Code    12  stm32f4xx_hal.o(i.HAL_IncTick)
    HAL_Init                                 0x08000571   Thumb Code    48  stm32f4xx_hal.o(i.HAL_Init)
    HAL_InitTick                             0x080005a5   Thumb Code    54  stm32f4xx_hal.o(i.HAL_InitTick)
    HAL_MspInit                              0x080005e5   Thumb Code    42  stm32f4xx_hal_msp.o(i.HAL_MspInit)
    HAL_NVIC_EnableIRQ                       0x08000615   Thumb Code    26  stm32f4xx_hal_cortex.o(i.HAL_NVIC_EnableIRQ)
    HAL_NVIC_SetPriority                     0x08000631   Thumb Code    60  stm32f4xx_hal_cortex.o(i.HAL_NVIC_SetPriority)
    HAL_NVIC_SetPriorityGrouping             0x08000671   Thumb Code    26  stm32f4xx_hal_cortex.o(i.HAL_NVIC_SetPriorityGrouping)
    HAL_PCDEx_LPM_Callback                   0x08000695   Thumb Code     2  stm32f4xx_hal_pcd_ex.o(i.HAL_PCDEx_LPM_Callback)
    HAL_PCDEx_SetRxFiFo                      0x08000697   Thumb Code     8  stm32f4xx_hal_pcd_ex.o(i.HAL_PCDEx_SetRxFiFo)
    HAL_PCDEx_SetTxFiFo                      0x0800069f   Thumb Code    68  stm32f4xx_hal_pcd_ex.o(i.HAL_PCDEx_SetTxFiFo)
    HAL_PCD_ConnectCallback                  0x080006e3   Thumb Code     8  usbd_conf.o(i.HAL_PCD_ConnectCallback)
    HAL_PCD_DataInStageCallback              0x080006eb   Thumb Code    18  usbd_conf.o(i.HAL_PCD_DataInStageCallback)
    HAL_PCD_DataOutStageCallback             0x080006fd   Thumb Code    20  usbd_conf.o(i.HAL_PCD_DataOutStageCallback)
    HAL_PCD_DisconnectCallback               0x08000711   Thumb Code     8  usbd_conf.o(i.HAL_PCD_DisconnectCallback)
    HAL_PCD_EP_Close                         0x08000719   Thumb Code    76  stm32f4xx_hal_pcd.o(i.HAL_PCD_EP_Close)
    HAL_PCD_EP_ClrStall                      0x08000765   Thumb Code    92  stm32f4xx_hal_pcd.o(i.HAL_PCD_EP_ClrStall)
    HAL_PCD_EP_GetRxCount                    0x080007c1   Thumb Code    18  stm32f4xx_hal_pcd.o(i.HAL_PCD_EP_GetRxCount)
    HAL_PCD_EP_Open                          0x080007d3   Thumb Code    96  stm32f4xx_hal_pcd.o(i.HAL_PCD_EP_Open)
    HAL_PCD_EP_Receive                       0x08000833   Thumb Code    72  stm32f4xx_hal_pcd.o(i.HAL_PCD_EP_Receive)
    HAL_PCD_EP_SetStall                      0x0800087b   Thumb Code   116  stm32f4xx_hal_pcd.o(i.HAL_PCD_EP_SetStall)
    HAL_PCD_EP_Transmit                      0x080008ef   Thumb Code    64  stm32f4xx_hal_pcd.o(i.HAL_PCD_EP_Transmit)
    HAL_PCD_IRQHandler                       0x08000931   Thumb Code  1114  stm32f4xx_hal_pcd.o(i.HAL_PCD_IRQHandler)
    HAL_PCD_ISOINIncompleteCallback          0x08000d95   Thumb Code     8  usbd_conf.o(i.HAL_PCD_ISOINIncompleteCallback)
    HAL_PCD_ISOOUTIncompleteCallback         0x08000d9d   Thumb Code     8  usbd_conf.o(i.HAL_PCD_ISOOUTIncompleteCallback)
    HAL_PCD_Init                             0x08000da5   Thumb Code   226  stm32f4xx_hal_pcd.o(i.HAL_PCD_Init)
    HAL_PCD_MspInit                          0x08000e89   Thumb Code   122  usbd_conf.o(i.HAL_PCD_MspInit)
    HAL_PCD_ResetCallback                    0x08000f0d   Thumb Code    44  usbd_conf.o(i.HAL_PCD_ResetCallback)
    HAL_PCD_ResumeCallback                   0x08000f39   Thumb Code     8  usbd_conf.o(i.HAL_PCD_ResumeCallback)
    HAL_PCD_SOFCallback                      0x08000f41   Thumb Code     8  usbd_conf.o(i.HAL_PCD_SOFCallback)
    HAL_PCD_SetAddress                       0x08000f49   Thumb Code    40  stm32f4xx_hal_pcd.o(i.HAL_PCD_SetAddress)
    HAL_PCD_SetupStageCallback               0x08000f71   Thumb Code    14  usbd_conf.o(i.HAL_PCD_SetupStageCallback)
    HAL_PCD_Start                            0x08000f7f   Thumb Code    66  stm32f4xx_hal_pcd.o(i.HAL_PCD_Start)
    HAL_PCD_SuspendCallback                  0x08000fc1   Thumb Code    44  usbd_conf.o(i.HAL_PCD_SuspendCallback)
    HAL_RCC_ClockConfig                      0x08000ff1   Thumb Code   288  stm32f4xx_hal_rcc.o(i.HAL_RCC_ClockConfig)
    HAL_RCC_GetHCLKFreq                      0x08001125   Thumb Code     6  stm32f4xx_hal_rcc.o(i.HAL_RCC_GetHCLKFreq)
    HAL_RCC_GetSysClockFreq                  0x08001131   Thumb Code    88  stm32f4xx_hal_rcc.o(i.HAL_RCC_GetSysClockFreq)
    HAL_RCC_OscConfig                        0x08001191   Thumb Code   834  stm32f4xx_hal_rcc.o(i.HAL_RCC_OscConfig)
    HAL_SYSTICK_Config                       0x080014ed   Thumb Code    40  stm32f4xx_hal_cortex.o(i.HAL_SYSTICK_Config)
    HardFault_Handler                        0x08001515   Thumb Code     2  stm32f4xx_it.o(i.HardFault_Handler)
    MX_USB_DEVICE_Init                       0x08001551   Thumb Code    66  usb_device.o(i.MX_USB_DEVICE_Init)
    MemManage_Handler                        0x080015a5   Thumb Code     2  stm32f4xx_it.o(i.MemManage_Handler)
    NMI_Handler                              0x080015a7   Thumb Code     2  stm32f4xx_it.o(i.NMI_Handler)
    OTG_FS_IRQHandler                        0x080015a9   Thumb Code     6  stm32f4xx_it.o(i.OTG_FS_IRQHandler)
    PendSV_Handler                           0x08001733   Thumb Code     2  stm32f4xx_it.o(i.PendSV_Handler)
    SVC_Handler                              0x08001735   Thumb Code     2  stm32f4xx_it.o(i.SVC_Handler)
    SysTick_Handler                          0x08001737   Thumb Code     4  stm32f4xx_it.o(i.SysTick_Handler)
    SystemClock_Config                       0x0800173d   Thumb Code   126  main.o(i.SystemClock_Config)
    SystemInit                               0x080017c5   Thumb Code    22  system_stm32f4xx.o(i.SystemInit)
    USBD_CDC_GetDeviceQualifierDescriptor    0x080018c1   Thumb Code     8  usbd_cdc.o(i.USBD_CDC_GetDeviceQualifierDescriptor)
    USBD_CDC_ReceivePacket                   0x08001985   Thumb Code    40  usbd_cdc.o(i.USBD_CDC_ReceivePacket)
    USBD_CDC_RegisterInterface               0x080019ad   Thumb Code    16  usbd_cdc.o(i.USBD_CDC_RegisterInterface)
    USBD_CDC_SetRxBuffer                     0x080019bd   Thumb Code    12  usbd_cdc.o(i.USBD_CDC_SetRxBuffer)
    USBD_CDC_SetTxBuffer                     0x080019c9   Thumb Code    16  usbd_cdc.o(i.USBD_CDC_SetTxBuffer)
    USBD_CDC_TransmitPacket                  0x08001a85   Thumb Code    54  usbd_cdc.o(i.USBD_CDC_TransmitPacket)
    USBD_ClrClassConfig                      0x08001abb   Thumb Code    14  usbd_core.o(i.USBD_ClrClassConfig)
    USBD_CtlContinueRx                       0x08001ac9   Thumb Code    16  usbd_ioreq.o(i.USBD_CtlContinueRx)
    USBD_CtlContinueSendData                 0x08001ad9   Thumb Code    16  usbd_ioreq.o(i.USBD_CtlContinueSendData)
    USBD_CtlError                            0x08001ae9   Thumb Code    22  usbd_ctlreq.o(i.USBD_CtlError)
    USBD_CtlPrepareRx                        0x08001aff   Thumb Code    30  usbd_ioreq.o(i.USBD_CtlPrepareRx)
    USBD_CtlReceiveStatus                    0x08001b1d   Thumb Code    22  usbd_ioreq.o(i.USBD_CtlReceiveStatus)
    USBD_CtlSendData                         0x08001b33   Thumb Code    26  usbd_ioreq.o(i.USBD_CtlSendData)
    USBD_CtlSendStatus                       0x08001b4d   Thumb Code    22  usbd_ioreq.o(i.USBD_CtlSendStatus)
    USBD_FS_ConfigStrDescriptor              0x08001b65   Thumb Code    16  usbd_desc.o(i.USBD_FS_ConfigStrDescriptor)
    USBD_FS_DeviceDescriptor                 0x08001b85   Thumb Code     8  usbd_desc.o(i.USBD_FS_DeviceDescriptor)
    USBD_FS_InterfaceStrDescriptor           0x08001b91   Thumb Code    16  usbd_desc.o(i.USBD_FS_InterfaceStrDescriptor)
    USBD_FS_LangIDStrDescriptor              0x08001bb5   Thumb Code     8  usbd_desc.o(i.USBD_FS_LangIDStrDescriptor)
    USBD_FS_ManufacturerStrDescriptor        0x08001bc1   Thumb Code    16  usbd_desc.o(i.USBD_FS_ManufacturerStrDescriptor)
    USBD_FS_ProductStrDescriptor             0x08001be9   Thumb Code    16  usbd_desc.o(i.USBD_FS_ProductStrDescriptor)
    USBD_FS_SerialStrDescriptor              0x08001c15   Thumb Code    48  usbd_desc.o(i.USBD_FS_SerialStrDescriptor)
    USBD_GetString                           0x08001d35   Thumb Code    72  usbd_ctlreq.o(i.USBD_GetString)
    USBD_Get_USB_Status                      0x08001d7d   Thumb Code    24  usbd_conf.o(i.USBD_Get_USB_Status)
    USBD_Init                                0x08001d95   Thumb Code    42  usbd_core.o(i.USBD_Init)
    USBD_LL_ClearStallEP                     0x08001dbf   Thumb Code    18  usbd_conf.o(i.USBD_LL_ClearStallEP)
    USBD_LL_CloseEP                          0x08001dd1   Thumb Code    18  usbd_conf.o(i.USBD_LL_CloseEP)
    USBD_LL_DataInStage                      0x08001de3   Thumb Code   198  usbd_core.o(i.USBD_LL_DataInStage)
    USBD_LL_DataOutStage                     0x08001ea9   Thumb Code   130  usbd_core.o(i.USBD_LL_DataOutStage)
    USBD_LL_DevConnected                     0x08001f2b   Thumb Code     4  usbd_core.o(i.USBD_LL_DevConnected)
    USBD_LL_DevDisconnected                  0x08001f2f   Thumb Code    22  usbd_core.o(i.USBD_LL_DevDisconnected)
    USBD_LL_GetRxDataSize                    0x08001f45   Thumb Code     8  usbd_conf.o(i.USBD_LL_GetRxDataSize)
    USBD_LL_Init                             0x08001f4d   Thumb Code    90  usbd_conf.o(i.USBD_LL_Init)
    USBD_LL_IsStallEP                        0x08001fad   Thumb Code    32  usbd_conf.o(i.USBD_LL_IsStallEP)
    USBD_LL_IsoINIncomplete                  0x08001fcd   Thumb Code     4  usbd_core.o(i.USBD_LL_IsoINIncomplete)
    USBD_LL_IsoOUTIncomplete                 0x08001fd1   Thumb Code     4  usbd_core.o(i.USBD_LL_IsoOUTIncomplete)
    USBD_LL_OpenEP                           0x08001fd5   Thumb Code    24  usbd_conf.o(i.USBD_LL_OpenEP)
    USBD_LL_PrepareReceive                   0x08001fed   Thumb Code    18  usbd_conf.o(i.USBD_LL_PrepareReceive)
    USBD_LL_Reset                            0x08001fff   Thumb Code    80  usbd_core.o(i.USBD_LL_Reset)
    USBD_LL_Resume                           0x0800204f   Thumb Code    12  usbd_core.o(i.USBD_LL_Resume)
    USBD_LL_SOF                              0x0800205b   Thumb Code    24  usbd_core.o(i.USBD_LL_SOF)
    USBD_LL_SetSpeed                         0x08002073   Thumb Code     6  usbd_core.o(i.USBD_LL_SetSpeed)
    USBD_LL_SetUSBAddress                    0x08002079   Thumb Code    18  usbd_conf.o(i.USBD_LL_SetUSBAddress)
    USBD_LL_SetupStage                       0x0800208b   Thumb Code    90  usbd_core.o(i.USBD_LL_SetupStage)
    USBD_LL_StallEP                          0x080020e5   Thumb Code    18  usbd_conf.o(i.USBD_LL_StallEP)
    USBD_LL_Start                            0x080020f7   Thumb Code    18  usbd_conf.o(i.USBD_LL_Start)
    USBD_LL_Suspend                          0x08002109   Thumb Code    18  usbd_core.o(i.USBD_LL_Suspend)
    USBD_LL_Transmit                         0x0800211b   Thumb Code    18  usbd_conf.o(i.USBD_LL_Transmit)
    USBD_ParseSetupRequest                   0x0800212d   Thumb Code    40  usbd_ctlreq.o(i.USBD_ParseSetupRequest)
    USBD_RegisterClass                       0x08002155   Thumb Code    16  usbd_core.o(i.USBD_RegisterClass)
    USBD_SetClassConfig                      0x08002165   Thumb Code    22  usbd_core.o(i.USBD_SetClassConfig)
    USBD_Start                               0x08002201   Thumb Code    10  usbd_core.o(i.USBD_Start)
    USBD_StdDevReq                           0x0800220b   Thumb Code   274  usbd_ctlreq.o(i.USBD_StdDevReq)
    USBD_StdEPReq                            0x0800231d   Thumb Code   336  usbd_ctlreq.o(i.USBD_StdEPReq)
    USBD_StdItfReq                           0x0800246d   Thumb Code    78  usbd_ctlreq.o(i.USBD_StdItfReq)
    USB_ActivateEndpoint                     0x080024bd   Thumb Code   122  stm32f4xx_ll_usb.o(i.USB_ActivateEndpoint)
    USB_ActivateSetup                        0x0800253d   Thumb Code    52  stm32f4xx_ll_usb.o(i.USB_ActivateSetup)
    USB_CoreInit                             0x08002571   Thumb Code   112  stm32f4xx_ll_usb.o(i.USB_CoreInit)
    USB_DeactivateEndpoint                   0x0800261d   Thumb Code   118  stm32f4xx_ll_usb.o(i.USB_DeactivateEndpoint)
    USB_DevConnect                           0x0800269d   Thumb Code    24  stm32f4xx_ll_usb.o(i.USB_DevConnect)
    USB_DevDisconnect                        0x080026b5   Thumb Code    24  stm32f4xx_ll_usb.o(i.USB_DevDisconnect)
    USB_DevInit                              0x080026cd   Thumb Code   378  stm32f4xx_ll_usb.o(i.USB_DevInit)
    USB_DisableGlobalInt                     0x08002859   Thumb Code    12  stm32f4xx_ll_usb.o(i.USB_DisableGlobalInt)
    USB_EP0StartXfer                         0x08002865   Thumb Code   276  stm32f4xx_ll_usb.o(i.USB_EP0StartXfer)
    USB_EP0_OutStart                         0x0800297d   Thumb Code    84  stm32f4xx_ll_usb.o(i.USB_EP0_OutStart)
    USB_EPClearStall                         0x080029d5   Thumb Code    88  stm32f4xx_ll_usb.o(i.USB_EPClearStall)
    USB_EPSetStall                           0x08002a2d   Thumb Code    88  stm32f4xx_ll_usb.o(i.USB_EPSetStall)
    USB_EPStartXfer                          0x08002a85   Thumb Code   482  stm32f4xx_ll_usb.o(i.USB_EPStartXfer)
    USB_EnableGlobalInt                      0x08002c6d   Thumb Code    12  stm32f4xx_ll_usb.o(i.USB_EnableGlobalInt)
    USB_FlushRxFifo                          0x08002c79   Thumb Code    28  stm32f4xx_ll_usb.o(i.USB_FlushRxFifo)
    USB_FlushTxFifo                          0x08002c99   Thumb Code    32  stm32f4xx_ll_usb.o(i.USB_FlushTxFifo)
    USB_GetDevSpeed                          0x08002cbd   Thumb Code    26  stm32f4xx_ll_usb.o(i.USB_GetDevSpeed)
    USB_GetMode                              0x08002cd7   Thumb Code     8  stm32f4xx_ll_usb.o(i.USB_GetMode)
    USB_ReadDevAllInEpInterrupt              0x08002cdf   Thumb Code    14  stm32f4xx_ll_usb.o(i.USB_ReadDevAllInEpInterrupt)
    USB_ReadDevAllOutEpInterrupt             0x08002ced   Thumb Code    14  stm32f4xx_ll_usb.o(i.USB_ReadDevAllOutEpInterrupt)
    USB_ReadDevInEPInterrupt                 0x08002cfb   Thumb Code    36  stm32f4xx_ll_usb.o(i.USB_ReadDevInEPInterrupt)
    USB_ReadDevOutEPInterrupt                0x08002d1f   Thumb Code    16  stm32f4xx_ll_usb.o(i.USB_ReadDevOutEPInterrupt)
    USB_ReadInterrupts                       0x08002d2f   Thumb Code     8  stm32f4xx_ll_usb.o(i.USB_ReadInterrupts)
    USB_ReadPacket                           0x08002d37   Thumb Code    28  stm32f4xx_ll_usb.o(i.USB_ReadPacket)
    USB_SetCurrentMode                       0x08002d53   Thumb Code    46  stm32f4xx_ll_usb.o(i.USB_SetCurrentMode)
    USB_SetDevAddress                        0x08002d81   Thumb Code    34  stm32f4xx_ll_usb.o(i.USB_SetDevAddress)
    USB_SetTurnaroundTime                    0x08002da5   Thumb Code   158  stm32f4xx_ll_usb.o(i.USB_SetTurnaroundTime)
    USB_WritePacket                          0x08002e8d   Thumb Code    36  stm32f4xx_ll_usb.o(i.USB_WritePacket)
    UsageFault_Handler                       0x08002eb1   Thumb Code     2  stm32f4xx_it.o(i.UsageFault_Handler)
    VCP_Read                                 0x08002eb5   Thumb Code    72  usbd_cdc_if.o(i.VCP_Read)
    VCP_Write                                0x08002f05   Thumb Code    98  usbd_cdc_if.o(i.VCP_Write)
    __scatterload_copy                       0x08002f8d   Thumb Code    14  handlers.o(i.__scatterload_copy)
    __scatterload_null                       0x08002f9b   Thumb Code     2  handlers.o(i.__scatterload_null)
    __scatterload_zeroinit                   0x08002f9d   Thumb Code    14  handlers.o(i.__scatterload_zeroinit)
    m_free                                   0x0800300d   Thumb Code     4  mem_alloc.o(i.m_free)
    m_malloc                                 0x08003011   Thumb Code     4  mem_alloc.o(i.m_malloc)
    main                                     0x08003015   Thumb Code   104  main.o(i.main)
    mem_init                                 0x08003109   Thumb Code    44  mem_alloc.o(i.mem_init)
    AHBPrescTable                            0x0800313c   Data          16  system_stm32f4xx.o(.constdata)
    Region$$Table$$Base                      0x0800314c   Number         0  anon$$obj.o(Region$$Table)
    Region$$Table$$Limit                     0x0800316c   Number         0  anon$$obj.o(Region$$Table)
    FS_Desc                                  0x20000000   Data          28  usbd_desc.o(.data)
    USBD_LangIDDesc                          0x2000001c   Data           4  usbd_desc.o(.data)
    USBD_FS_DeviceDesc                       0x20000020   Data          18  usbd_desc.o(.data)
    USBD_StringSerial                        0x20000034   Data          26  usbd_desc.o(.data)
    USBD_Interface_fops_FS                   0x20000050   Data          16  usbd_cdc_if.o(.data)
    g_VCPInit                                0x20000060   Data           1  usbd_cdc_if.o(.data)
    uwTickFreq                               0x20000064   Data           1  stm32f4xx_hal.o(.data)
    uwTickPrio                               0x20000068   Data           4  stm32f4xx_hal.o(.data)
    uwTick                                   0x2000006c   Data           4  stm32f4xx_hal.o(.data)
    SystemCoreClock                          0x20000070   Data           4  system_stm32f4xx.o(.data)
    USBD_CDC_CfgHSDesc                       0x20000084   Data          67  usbd_cdc.o(.data)
    USBD_CDC_CfgFSDesc                       0x200000c8   Data          67  usbd_cdc.o(.data)
    USBD_CDC_OtherSpeedCfgDesc               0x2000010c   Data          67  usbd_cdc.o(.data)
    USBD_CDC                                 0x20000150   Data          56  usbd_cdc.o(.data)
    hUsbDeviceFS                             0x20000188   Data         668  usb_device.o(.bss)
    hpcd_USB_OTG_FS                          0x20000424   Data        1032  usbd_conf.o(.bss)
    USBD_StrDesc                             0x2000082c   Data         512  usbd_desc.o(.bss)
    UserRxBufferFS                           0x20000a2c   Data        1000  usbd_cdc_if.o(.bss)
    UserTxBufferFS                           0x20000e14   Data        1000  usbd_cdc_if.o(.bss)
    __initial_sp                             0x20001e70   Data           0  startup_stm32f405xx.o(STACK)



==============================================================================

Memory Map of the image

  Image Entry point : 0x08000189

  Load Region LR_IROM1 (Base: 0x08000000, Size: 0x000032f4, Max: 0x00100000, ABSOLUTE, COMPRESSED[0x00003234])

    Execution Region ER_IROM1 (Exec base: 0x08000000, Load base: 0x08000000, Size: 0x0000316c, Max: 0x00100000, ABSOLUTE)

    Exec Addr    Load Addr    Size         Type   Attr      Idx    E Section Name        Object

    0x08000000   0x08000000   0x00000188   Data   RO            3    RESET               startup_stm32f405xx.o
    0x08000188   0x08000188   0x00000000   Code   RO         2843  * .ARM.Collect$$$$00000000  mc_w.l(entry.o)
    0x08000188   0x08000188   0x00000004   Code   RO         2854    .ARM.Collect$$$$00000001  mc_w.l(entry2.o)
    0x0800018c   0x0800018c   0x00000004   Code   RO         2857    .ARM.Collect$$$$00000004  mc_w.l(entry5.o)
    0x08000190   0x08000190   0x00000000   Code   RO         2859    .ARM.Collect$$$$00000008  mc_w.l(entry7b.o)
    0x08000190   0x08000190   0x00000000   Code   RO         2861    .ARM.Collect$$$$0000000A  mc_w.l(entry8b.o)
    0x08000190   0x08000190   0x00000008   Code   RO         2862    .ARM.Collect$$$$0000000B  mc_w.l(entry9a.o)
    0x08000198   0x08000198   0x00000000   Code   RO         2864    .ARM.Collect$$$$0000000D  mc_w.l(entry10a.o)
    0x08000198   0x08000198   0x00000000   Code   RO         2866    .ARM.Collect$$$$0000000F  mc_w.l(entry11a.o)
    0x08000198   0x08000198   0x00000004   Code   RO         2855    .ARM.Collect$$$$00002712  mc_w.l(entry2.o)
    0x0800019c   0x0800019c   0x00000024   Code   RO            4    .text               startup_stm32f405xx.o
    0x080001c0   0x080001c0   0x00000062   Code   RO         2846    .text               mc_w.l(uldiv.o)
    0x08000222   0x08000222   0x00000024   Code   RO         2848    .text               mc_w.l(memcpya.o)
    0x08000246   0x08000246   0x00000024   Code   RO         2850    .text               mc_w.l(memseta.o)
    0x0800026a   0x0800026a   0x0000001e   Code   RO         2868    .text               mc_w.l(llshl.o)
    0x08000288   0x08000288   0x00000020   Code   RO         2870    .text               mc_w.l(llushr.o)
    0x080002a8   0x080002a8   0x00000024   Code   RO         2872    .text               mc_w.l(init.o)
    0x080002cc   0x080002cc   0x00000056   Code   RO         2882    .text               mc_w.l(__dczerorl2.o)
    0x08000322   0x08000322   0x00000002   Code   RO          560    i.BusFault_Handler  stm32f4xx_it.o
    0x08000324   0x08000324   0x00000004   Code   RO          494    i.CDC_Control_FS    usbd_cdc_if.o
    0x08000328   0x08000328   0x00000004   Code   RO          495    i.CDC_DeInit_FS     usbd_cdc_if.o
    0x0800032c   0x0800032c   0x00000030   Code   RO          496    i.CDC_Init_FS       usbd_cdc_if.o
    0x0800035c   0x0800035c   0x00000018   Code   RO          497    i.CDC_Receive_FS    usbd_cdc_if.o
    0x08000374   0x08000374   0x00000002   Code   RO          561    i.DebugMon_Handler  stm32f4xx_it.o
    0x08000376   0x08000376   0x00000002   Code   RO           13    i.Error_Handler     main.o
    0x08000378   0x08000378   0x00000024   Code   RO         2188    i.HAL_Delay         stm32f4xx_hal.o
    0x0800039c   0x0800039c   0x000001b8   Code   RO         1662    i.HAL_GPIO_Init     stm32f4xx_hal_gpio.o
    0x08000554   0x08000554   0x0000000c   Code   RO         2194    i.HAL_GetTick       stm32f4xx_hal.o
    0x08000560   0x08000560   0x00000010   Code   RO         2200    i.HAL_IncTick       stm32f4xx_hal.o
    0x08000570   0x08000570   0x00000034   Code   RO         2201    i.HAL_Init          stm32f4xx_hal.o
    0x080005a4   0x080005a4   0x00000040   Code   RO         2202    i.HAL_InitTick      stm32f4xx_hal.o
    0x080005e4   0x080005e4   0x00000030   Code   RO          642    i.HAL_MspInit       stm32f4xx_hal_msp.o
    0x08000614   0x08000614   0x0000001a   Code   RO         2051    i.HAL_NVIC_EnableIRQ  stm32f4xx_hal_cortex.o
    0x0800062e   0x0800062e   0x00000002   PAD
    0x08000630   0x08000630   0x00000040   Code   RO         2057    i.HAL_NVIC_SetPriority  stm32f4xx_hal_cortex.o
    0x08000670   0x08000670   0x00000024   Code   RO         2058    i.HAL_NVIC_SetPriorityGrouping  stm32f4xx_hal_cortex.o
    0x08000694   0x08000694   0x00000002   Code   RO          930    i.HAL_PCDEx_LPM_Callback  stm32f4xx_hal_pcd_ex.o
    0x08000696   0x08000696   0x00000008   Code   RO          931    i.HAL_PCDEx_SetRxFiFo  stm32f4xx_hal_pcd_ex.o
    0x0800069e   0x0800069e   0x00000044   Code   RO          932    i.HAL_PCDEx_SetTxFiFo  stm32f4xx_hal_pcd_ex.o
    0x080006e2   0x080006e2   0x00000008   Code   RO          213    i.HAL_PCD_ConnectCallback  usbd_conf.o
    0x080006ea   0x080006ea   0x00000012   Code   RO          214    i.HAL_PCD_DataInStageCallback  usbd_conf.o
    0x080006fc   0x080006fc   0x00000014   Code   RO          215    i.HAL_PCD_DataOutStageCallback  usbd_conf.o
    0x08000710   0x08000710   0x00000008   Code   RO          216    i.HAL_PCD_DisconnectCallback  usbd_conf.o
    0x08000718   0x08000718   0x0000004c   Code   RO          718    i.HAL_PCD_EP_Close  stm32f4xx_hal_pcd.o
    0x08000764   0x08000764   0x0000005c   Code   RO          719    i.HAL_PCD_EP_ClrStall  stm32f4xx_hal_pcd.o
    0x080007c0   0x080007c0   0x00000012   Code   RO          721    i.HAL_PCD_EP_GetRxCount  stm32f4xx_hal_pcd.o
    0x080007d2   0x080007d2   0x00000060   Code   RO          722    i.HAL_PCD_EP_Open   stm32f4xx_hal_pcd.o
    0x08000832   0x08000832   0x00000048   Code   RO          723    i.HAL_PCD_EP_Receive  stm32f4xx_hal_pcd.o
    0x0800087a   0x0800087a   0x00000074   Code   RO          724    i.HAL_PCD_EP_SetStall  stm32f4xx_hal_pcd.o
    0x080008ee   0x080008ee   0x00000040   Code   RO          725    i.HAL_PCD_EP_Transmit  stm32f4xx_hal_pcd.o
    0x0800092e   0x0800092e   0x00000002   PAD
    0x08000930   0x08000930   0x00000464   Code   RO          727    i.HAL_PCD_IRQHandler  stm32f4xx_hal_pcd.o
    0x08000d94   0x08000d94   0x00000008   Code   RO          217    i.HAL_PCD_ISOINIncompleteCallback  usbd_conf.o
    0x08000d9c   0x08000d9c   0x00000008   Code   RO          218    i.HAL_PCD_ISOOUTIncompleteCallback  usbd_conf.o
    0x08000da4   0x08000da4   0x000000e2   Code   RO          730    i.HAL_PCD_Init      stm32f4xx_hal_pcd.o
    0x08000e86   0x08000e86   0x00000002   PAD
    0x08000e88   0x08000e88   0x00000084   Code   RO          220    i.HAL_PCD_MspInit   usbd_conf.o
    0x08000f0c   0x08000f0c   0x0000002c   Code   RO          221    i.HAL_PCD_ResetCallback  usbd_conf.o
    0x08000f38   0x08000f38   0x00000008   Code   RO          222    i.HAL_PCD_ResumeCallback  usbd_conf.o
    0x08000f40   0x08000f40   0x00000008   Code   RO          223    i.HAL_PCD_SOFCallback  usbd_conf.o
    0x08000f48   0x08000f48   0x00000028   Code   RO          736    i.HAL_PCD_SetAddress  stm32f4xx_hal_pcd.o
    0x08000f70   0x08000f70   0x0000000e   Code   RO          224    i.HAL_PCD_SetupStageCallback  usbd_conf.o
    0x08000f7e   0x08000f7e   0x00000042   Code   RO          738    i.HAL_PCD_Start     stm32f4xx_hal_pcd.o
    0x08000fc0   0x08000fc0   0x00000030   Code   RO          225    i.HAL_PCD_SuspendCallback  usbd_conf.o
    0x08000ff0   0x08000ff0   0x00000134   Code   RO         1308    i.HAL_RCC_ClockConfig  stm32f4xx_hal_rcc.o
    0x08001124   0x08001124   0x0000000c   Code   RO         1313    i.HAL_RCC_GetHCLKFreq  stm32f4xx_hal_rcc.o
    0x08001130   0x08001130   0x00000060   Code   RO         1317    i.HAL_RCC_GetSysClockFreq  stm32f4xx_hal_rcc.o
    0x08001190   0x08001190   0x0000035c   Code   RO         1320    i.HAL_RCC_OscConfig  stm32f4xx_hal_rcc.o
    0x080014ec   0x080014ec   0x00000028   Code   RO         2062    i.HAL_SYSTICK_Config  stm32f4xx_hal_cortex.o
    0x08001514   0x08001514   0x00000002   Code   RO          562    i.HardFault_Handler  stm32f4xx_it.o
    0x08001516   0x08001516   0x00000002   PAD
    0x08001518   0x08001518   0x00000038   Code   RO          408    i.IntToUnicode      usbd_desc.o
    0x08001550   0x08001550   0x00000054   Code   RO          182    i.MX_USB_DEVICE_Init  usb_device.o
    0x080015a4   0x080015a4   0x00000002   Code   RO          563    i.MemManage_Handler  stm32f4xx_it.o
    0x080015a6   0x080015a6   0x00000002   Code   RO          564    i.NMI_Handler       stm32f4xx_it.o
    0x080015a8   0x080015a8   0x0000000c   Code   RO          565    i.OTG_FS_IRQHandler  stm32f4xx_it.o
    0x080015b4   0x080015b4   0x000000dc   Code   RO          741    i.PCD_EP_OutXfrComplete_int  stm32f4xx_hal_pcd.o
    0x08001690   0x08001690   0x000000a2   Code   RO          742    i.PCD_WriteEmptyTxFifo  stm32f4xx_hal_pcd.o
    0x08001732   0x08001732   0x00000002   Code   RO          566    i.PendSV_Handler    stm32f4xx_it.o
    0x08001734   0x08001734   0x00000002   Code   RO          567    i.SVC_Handler       stm32f4xx_it.o
    0x08001736   0x08001736   0x00000004   Code   RO          568    i.SysTick_Handler   stm32f4xx_it.o
    0x0800173a   0x0800173a   0x00000002   PAD
    0x0800173c   0x0800173c   0x00000088   Code   RO           14    i.SystemClock_Config  main.o
    0x080017c4   0x080017c4   0x0000001c   Code   RO         2440    i.SystemInit        system_stm32f4xx.o
    0x080017e0   0x080017e0   0x0000004a   Code   RO         2740    i.USBD_CDC_DataIn   usbd_cdc.o
    0x0800182a   0x0800182a   0x0000002e   Code   RO         2741    i.USBD_CDC_DataOut  usbd_cdc.o
    0x08001858   0x08001858   0x00000044   Code   RO         2742    i.USBD_CDC_DeInit   usbd_cdc.o
    0x0800189c   0x0800189c   0x00000024   Code   RO         2743    i.USBD_CDC_EP0_RxReady  usbd_cdc.o
    0x080018c0   0x080018c0   0x0000000c   Code   RO         2744    i.USBD_CDC_GetDeviceQualifierDescriptor  usbd_cdc.o
    0x080018cc   0x080018cc   0x0000000c   Code   RO         2745    i.USBD_CDC_GetFSCfgDesc  usbd_cdc.o
    0x080018d8   0x080018d8   0x0000000c   Code   RO         2746    i.USBD_CDC_GetHSCfgDesc  usbd_cdc.o
    0x080018e4   0x080018e4   0x0000000c   Code   RO         2747    i.USBD_CDC_GetOtherSpeedCfgDesc  usbd_cdc.o
    0x080018f0   0x080018f0   0x00000094   Code   RO         2748    i.USBD_CDC_Init     usbd_cdc.o
    0x08001984   0x08001984   0x00000028   Code   RO         2749    i.USBD_CDC_ReceivePacket  usbd_cdc.o
    0x080019ac   0x080019ac   0x00000010   Code   RO         2750    i.USBD_CDC_RegisterInterface  usbd_cdc.o
    0x080019bc   0x080019bc   0x0000000c   Code   RO         2751    i.USBD_CDC_SetRxBuffer  usbd_cdc.o
    0x080019c8   0x080019c8   0x00000010   Code   RO         2752    i.USBD_CDC_SetTxBuffer  usbd_cdc.o
    0x080019d8   0x080019d8   0x000000ac   Code   RO         2753    i.USBD_CDC_Setup    usbd_cdc.o
    0x08001a84   0x08001a84   0x00000036   Code   RO         2754    i.USBD_CDC_TransmitPacket  usbd_cdc.o
    0x08001aba   0x08001aba   0x0000000e   Code   RO         2477    i.USBD_ClrClassConfig  usbd_core.o
    0x08001ac8   0x08001ac8   0x00000010   Code   RO         2680    i.USBD_CtlContinueRx  usbd_ioreq.o
    0x08001ad8   0x08001ad8   0x00000010   Code   RO         2681    i.USBD_CtlContinueSendData  usbd_ioreq.o
    0x08001ae8   0x08001ae8   0x00000016   Code   RO         2615    i.USBD_CtlError     usbd_ctlreq.o
    0x08001afe   0x08001afe   0x0000001e   Code   RO         2682    i.USBD_CtlPrepareRx  usbd_ioreq.o
    0x08001b1c   0x08001b1c   0x00000016   Code   RO         2683    i.USBD_CtlReceiveStatus  usbd_ioreq.o
    0x08001b32   0x08001b32   0x0000001a   Code   RO         2684    i.USBD_CtlSendData  usbd_ioreq.o
    0x08001b4c   0x08001b4c   0x00000016   Code   RO         2685    i.USBD_CtlSendStatus  usbd_ioreq.o
    0x08001b62   0x08001b62   0x00000002   PAD
    0x08001b64   0x08001b64   0x00000020   Code   RO          409    i.USBD_FS_ConfigStrDescriptor  usbd_desc.o
    0x08001b84   0x08001b84   0x0000000c   Code   RO          410    i.USBD_FS_DeviceDescriptor  usbd_desc.o
    0x08001b90   0x08001b90   0x00000024   Code   RO          411    i.USBD_FS_InterfaceStrDescriptor  usbd_desc.o
    0x08001bb4   0x08001bb4   0x0000000c   Code   RO          412    i.USBD_FS_LangIDStrDescriptor  usbd_desc.o
    0x08001bc0   0x08001bc0   0x00000028   Code   RO          413    i.USBD_FS_ManufacturerStrDescriptor  usbd_desc.o
    0x08001be8   0x08001be8   0x0000002c   Code   RO          414    i.USBD_FS_ProductStrDescriptor  usbd_desc.o
    0x08001c14   0x08001c14   0x00000038   Code   RO          415    i.USBD_FS_SerialStrDescriptor  usbd_desc.o
    0x08001c4c   0x08001c4c   0x000000e8   Code   RO         2616    i.USBD_GetDescriptor  usbd_ctlreq.o
    0x08001d34   0x08001d34   0x00000048   Code   RO         2617    i.USBD_GetString    usbd_ctlreq.o
    0x08001d7c   0x08001d7c   0x00000018   Code   RO          226    i.USBD_Get_USB_Status  usbd_conf.o
    0x08001d94   0x08001d94   0x0000002a   Code   RO         2479    i.USBD_Init         usbd_core.o
    0x08001dbe   0x08001dbe   0x00000012   Code   RO          227    i.USBD_LL_ClearStallEP  usbd_conf.o
    0x08001dd0   0x08001dd0   0x00000012   Code   RO          228    i.USBD_LL_CloseEP   usbd_conf.o
    0x08001de2   0x08001de2   0x000000c6   Code   RO         2480    i.USBD_LL_DataInStage  usbd_core.o
    0x08001ea8   0x08001ea8   0x00000082   Code   RO         2481    i.USBD_LL_DataOutStage  usbd_core.o
    0x08001f2a   0x08001f2a   0x00000004   Code   RO         2482    i.USBD_LL_DevConnected  usbd_core.o
    0x08001f2e   0x08001f2e   0x00000016   Code   RO         2483    i.USBD_LL_DevDisconnected  usbd_core.o
    0x08001f44   0x08001f44   0x00000008   Code   RO          232    i.USBD_LL_GetRxDataSize  usbd_conf.o
    0x08001f4c   0x08001f4c   0x00000060   Code   RO          233    i.USBD_LL_Init      usbd_conf.o
    0x08001fac   0x08001fac   0x00000020   Code   RO          234    i.USBD_LL_IsStallEP  usbd_conf.o
    0x08001fcc   0x08001fcc   0x00000004   Code   RO         2484    i.USBD_LL_IsoINIncomplete  usbd_core.o
    0x08001fd0   0x08001fd0   0x00000004   Code   RO         2485    i.USBD_LL_IsoOUTIncomplete  usbd_core.o
    0x08001fd4   0x08001fd4   0x00000018   Code   RO          235    i.USBD_LL_OpenEP    usbd_conf.o
    0x08001fec   0x08001fec   0x00000012   Code   RO          236    i.USBD_LL_PrepareReceive  usbd_conf.o
    0x08001ffe   0x08001ffe   0x00000050   Code   RO         2486    i.USBD_LL_Reset     usbd_core.o
    0x0800204e   0x0800204e   0x0000000c   Code   RO         2487    i.USBD_LL_Resume    usbd_core.o
    0x0800205a   0x0800205a   0x00000018   Code   RO         2488    i.USBD_LL_SOF       usbd_core.o
    0x08002072   0x08002072   0x00000006   Code   RO         2489    i.USBD_LL_SetSpeed  usbd_core.o
    0x08002078   0x08002078   0x00000012   Code   RO          237    i.USBD_LL_SetUSBAddress  usbd_conf.o
    0x0800208a   0x0800208a   0x0000005a   Code   RO         2490    i.USBD_LL_SetupStage  usbd_core.o
    0x080020e4   0x080020e4   0x00000012   Code   RO          238    i.USBD_LL_StallEP   usbd_conf.o
    0x080020f6   0x080020f6   0x00000012   Code   RO          239    i.USBD_LL_Start     usbd_conf.o
    0x08002108   0x08002108   0x00000012   Code   RO         2491    i.USBD_LL_Suspend   usbd_core.o
    0x0800211a   0x0800211a   0x00000012   Code   RO          241    i.USBD_LL_Transmit  usbd_conf.o
    0x0800212c   0x0800212c   0x00000028   Code   RO         2618    i.USBD_ParseSetupRequest  usbd_ctlreq.o
    0x08002154   0x08002154   0x00000010   Code   RO         2492    i.USBD_RegisterClass  usbd_core.o
    0x08002164   0x08002164   0x00000016   Code   RO         2494    i.USBD_SetClassConfig  usbd_core.o
    0x0800217a   0x0800217a   0x00000002   PAD
    0x0800217c   0x0800217c   0x00000084   Code   RO         2619    i.USBD_SetConfig    usbd_ctlreq.o
    0x08002200   0x08002200   0x0000000a   Code   RO         2495    i.USBD_Start        usbd_core.o
    0x0800220a   0x0800220a   0x00000112   Code   RO         2620    i.USBD_StdDevReq    usbd_ctlreq.o
    0x0800231c   0x0800231c   0x00000150   Code   RO         2621    i.USBD_StdEPReq     usbd_ctlreq.o
    0x0800246c   0x0800246c   0x0000004e   Code   RO         2622    i.USBD_StdItfReq    usbd_ctlreq.o
    0x080024ba   0x080024ba   0x00000002   PAD
    0x080024bc   0x080024bc   0x00000080   Code   RO          972    i.USB_ActivateEndpoint  stm32f4xx_ll_usb.o
    0x0800253c   0x0800253c   0x00000034   Code   RO          974    i.USB_ActivateSetup  stm32f4xx_ll_usb.o
    0x08002570   0x08002570   0x00000074   Code   RO          976    i.USB_CoreInit      stm32f4xx_ll_usb.o
    0x080025e4   0x080025e4   0x00000038   Code   RO          977    i.USB_CoreReset     stm32f4xx_ll_usb.o
    0x0800261c   0x0800261c   0x00000080   Code   RO          980    i.USB_DeactivateEndpoint  stm32f4xx_ll_usb.o
    0x0800269c   0x0800269c   0x00000018   Code   RO          981    i.USB_DevConnect    stm32f4xx_ll_usb.o
    0x080026b4   0x080026b4   0x00000018   Code   RO          982    i.USB_DevDisconnect  stm32f4xx_ll_usb.o
    0x080026cc   0x080026cc   0x0000018c   Code   RO          983    i.USB_DevInit       stm32f4xx_ll_usb.o
    0x08002858   0x08002858   0x0000000c   Code   RO          984    i.USB_DisableGlobalInt  stm32f4xx_ll_usb.o
    0x08002864   0x08002864   0x00000118   Code   RO          987    i.USB_EP0StartXfer  stm32f4xx_ll_usb.o
    0x0800297c   0x0800297c   0x00000058   Code   RO          988    i.USB_EP0_OutStart  stm32f4xx_ll_usb.o
    0x080029d4   0x080029d4   0x00000058   Code   RO          989    i.USB_EPClearStall  stm32f4xx_ll_usb.o
    0x08002a2c   0x08002a2c   0x00000058   Code   RO          990    i.USB_EPSetStall    stm32f4xx_ll_usb.o
    0x08002a84   0x08002a84   0x000001e8   Code   RO          991    i.USB_EPStartXfer   stm32f4xx_ll_usb.o
    0x08002c6c   0x08002c6c   0x0000000c   Code   RO          992    i.USB_EnableGlobalInt  stm32f4xx_ll_usb.o
    0x08002c78   0x08002c78   0x00000020   Code   RO          993    i.USB_FlushRxFifo   stm32f4xx_ll_usb.o
    0x08002c98   0x08002c98   0x00000024   Code   RO          994    i.USB_FlushTxFifo   stm32f4xx_ll_usb.o
    0x08002cbc   0x08002cbc   0x0000001a   Code   RO          996    i.USB_GetDevSpeed   stm32f4xx_ll_usb.o
    0x08002cd6   0x08002cd6   0x00000008   Code   RO          998    i.USB_GetMode       stm32f4xx_ll_usb.o
    0x08002cde   0x08002cde   0x0000000e   Code   RO         1005    i.USB_ReadDevAllInEpInterrupt  stm32f4xx_ll_usb.o
    0x08002cec   0x08002cec   0x0000000e   Code   RO         1006    i.USB_ReadDevAllOutEpInterrupt  stm32f4xx_ll_usb.o
    0x08002cfa   0x08002cfa   0x00000024   Code   RO         1007    i.USB_ReadDevInEPInterrupt  stm32f4xx_ll_usb.o
    0x08002d1e   0x08002d1e   0x00000010   Code   RO         1008    i.USB_ReadDevOutEPInterrupt  stm32f4xx_ll_usb.o
    0x08002d2e   0x08002d2e   0x00000008   Code   RO         1009    i.USB_ReadInterrupts  stm32f4xx_ll_usb.o
    0x08002d36   0x08002d36   0x0000001c   Code   RO         1010    i.USB_ReadPacket    stm32f4xx_ll_usb.o
    0x08002d52   0x08002d52   0x0000002e   Code   RO         1012    i.USB_SetCurrentMode  stm32f4xx_ll_usb.o
    0x08002d80   0x08002d80   0x00000022   Code   RO         1013    i.USB_SetDevAddress  stm32f4xx_ll_usb.o
    0x08002da2   0x08002da2   0x00000002   PAD
    0x08002da4   0x08002da4   0x000000e8   Code   RO         1015    i.USB_SetTurnaroundTime  stm32f4xx_ll_usb.o
    0x08002e8c   0x08002e8c   0x00000024   Code   RO         1018    i.USB_WritePacket   stm32f4xx_ll_usb.o
    0x08002eb0   0x08002eb0   0x00000002   Code   RO          569    i.UsageFault_Handler  stm32f4xx_it.o
    0x08002eb2   0x08002eb2   0x00000002   PAD
    0x08002eb4   0x08002eb4   0x00000050   Code   RO          499    i.VCP_Read          usbd_cdc_if.o
    0x08002f04   0x08002f04   0x00000068   Code   RO          500    i.VCP_Write         usbd_cdc_if.o
    0x08002f6c   0x08002f6c   0x00000020   Code   RO         2064    i.__NVIC_SetPriority  stm32f4xx_hal_cortex.o
    0x08002f8c   0x08002f8c   0x0000000e   Code   RO         2876    i.__scatterload_copy  mc_w.l(handlers.o)
    0x08002f9a   0x08002f9a   0x00000002   Code   RO         2877    i.__scatterload_null  mc_w.l(handlers.o)
    0x08002f9c   0x08002f9c   0x0000000e   Code   RO         2878    i.__scatterload_zeroinit  mc_w.l(handlers.o)
    0x08002faa   0x08002faa   0x00000002   PAD
    0x08002fac   0x08002fac   0x00000060   Code   RO          663    i.free              mem_alloc.o
    0x0800300c   0x0800300c   0x00000004   Code   RO          664    i.m_free            mem_alloc.o
    0x08003010   0x08003010   0x00000004   Code   RO          665    i.m_malloc          mem_alloc.o
    0x08003014   0x08003014   0x0000006c   Code   RO           15    i.main              main.o
    0x08003080   0x08003080   0x00000088   Code   RO          666    i.malloc            mem_alloc.o
    0x08003108   0x08003108   0x00000034   Code   RO          667    i.mem_init          mem_alloc.o
    0x0800313c   0x0800313c   0x00000010   Data   RO         2441    .constdata          system_stm32f4xx.o
    0x0800314c   0x0800314c   0x00000020   Data   RO         2874    Region$$Table       anon$$obj.o


    Execution Region RW_IRAM1 (Exec base: 0x20000000, Load base: 0x0800316c, Size: 0x00001e70, Max: 0x00020000, ABSOLUTE, COMPRESSED[0x000000c8])

    Exec Addr    Load Addr    Size         Type   Attr      Idx    E Section Name        Object

    0x20000000   COMPRESSED   0x0000001c   Data   RW          417    .data               usbd_desc.o
    0x2000001c   COMPRESSED   0x00000032   Data   RW          418    .data               usbd_desc.o
    0x2000004e   COMPRESSED   0x00000002   PAD
    0x20000050   COMPRESSED   0x00000010   Data   RW          502    .data               usbd_cdc_if.o
    0x20000060   COMPRESSED   0x00000001   Data   RW          503    .data               usbd_cdc_if.o
    0x20000061   COMPRESSED   0x00000001   Data   RW          669    .data               mem_alloc.o
    0x20000062   COMPRESSED   0x00000002   PAD
    0x20000064   COMPRESSED   0x0000000c   Data   RW         2208    .data               stm32f4xx_hal.o
    0x20000070   COMPRESSED   0x00000004   Data   RW         2443    .data               system_stm32f4xx.o
    0x20000074   COMPRESSED   0x00000001   Data   RW         2623    .data               usbd_ctlreq.o
    0x20000075   COMPRESSED   0x00000003   PAD
    0x20000078   COMPRESSED   0x000000d7   Data   RW         2755    .data               usbd_cdc.o
    0x2000014f   COMPRESSED   0x00000001   PAD
    0x20000150   COMPRESSED   0x00000038   Data   RW         2756    .data               usbd_cdc.o
    0x20000188        -       0x0000029c   Zero   RW          183    .bss                usb_device.o
    0x20000424        -       0x00000408   Zero   RW          242    .bss                usbd_conf.o
    0x2000082c        -       0x00000200   Zero   RW          416    .bss                usbd_desc.o
    0x20000a2c        -       0x00000840   Zero   RW          501    .bss                usbd_cdc_if.o
    0x2000126c        -       0x00000800   Zero   RW          668    .bss                mem_alloc.o
    0x20001a6c   COMPRESSED   0x00000004   PAD
    0x20001a70        -       0x00000400   Zero   RW            1    STACK               startup_stm32f405xx.o


==============================================================================

Image component sizes


      Code (inc. data)   RO Data    RW Data    ZI Data      Debug   Object Name

       246         14          0          0          0     600323   main.o
       292         26          0          1       2048       3807   mem_alloc.o
        36          8        392          0       1024        828   startup_stm32f405xx.o
       180         28          0         12          0       9329   stm32f4xx_hal.o
       198         14          0          0          0      33887   stm32f4xx_hal_cortex.o
       440         46          0          0          0       1720   stm32f4xx_hal_gpio.o
        48          6          0          0          0        810   stm32f4xx_hal_msp.o
      2372         18          0          0          0      12765   stm32f4xx_hal_pcd.o
        78          0          0          0          0       2361   stm32f4xx_hal_pcd_ex.o
      1276         60          0          0          0       4470   stm32f4xx_hal_rcc.o
        32          6          0          0          0       4458   stm32f4xx_it.o
      2546        140          0          0          0      22487   stm32f4xx_ll_usb.o
        28          6         16          4          0       1103   system_stm32f4xx.o
        84         18          0          0        668        760   usb_device.o
       730         16          0        271          0      13358   usbd_cdc.o
       264         36          0         17       2112       4335   usbd_cdc_if.o
       634         20          0          0       1032      14664   usbd_conf.o
       696          0          0          0          0      12141   usbd_core.o
      1186         28          0          1          0       8036   usbd_ctlreq.o
       288        104          0         78        512       5829   usbd_desc.o
       132          0          0          0          0       4444   usbd_ioreq.o

    ----------------------------------------------------------------------
     11806        594        440        392       7400     761915   Object Totals
         0          0         32          0          0          0   (incl. Generated)
        20          0          0          8          4          0   (incl. Padding)

    ----------------------------------------------------------------------

      Code (inc. data)   RO Data    RW Data    ZI Data      Debug   Library Member Name

        86          0          0          0          0          0   __dczerorl2.o
         0          0          0          0          0          0   entry.o
         0          0          0          0          0          0   entry10a.o
         0          0          0          0          0          0   entry11a.o
         8          4          0          0          0          0   entry2.o
         4          0          0          0          0          0   entry5.o
         0          0          0          0          0          0   entry7b.o
         0          0          0          0          0          0   entry8b.o
         8          4          0          0          0          0   entry9a.o
        30          0          0          0          0          0   handlers.o
        36          8          0          0          0         68   init.o
        30          0          0          0          0         68   llshl.o
        32          0          0          0          0         68   llushr.o
        36          0          0          0          0         68   memcpya.o
        36          0          0          0          0        108   memseta.o
        98          0          0          0          0         92   uldiv.o

    ----------------------------------------------------------------------
       406         16          0          0          0        472   Library Totals
         2          0          0          0          0          0   (incl. Padding)

    ----------------------------------------------------------------------

      Code (inc. data)   RO Data    RW Data    ZI Data      Debug   Library Name

       404         16          0          0          0        472   mc_w.l

    ----------------------------------------------------------------------
       406         16          0          0          0        472   Library Totals

    ----------------------------------------------------------------------

==============================================================================


      Code (inc. data)   RO Data    RW Data    ZI Data      Debug   

     12212        610        440        392       7400     746815   Grand Totals
     12212        610        440        200       7400     746815   ELF Image Totals (compressed)
     12212        610        440        200          0          0   ROM Totals

==============================================================================

    Total RO  Size (Code + RO Data)                12652 (  12.36kB)
    Total RW  Size (RW Data + ZI Data)              7792 (   7.61kB)
    Total ROM Size (Code + RO Data + RW Data)      12852 (  12.55kB)

==============================================================================

